Archive member included because of file (symbol)

c:/users/mazen/desktop/iti/01- imt sdk/imt_sdk_win_64/winavr/bin/../lib/gcc/avr/4.3.3/avr5\libgcc.a(_udivmodsi4.o)
                              ./HAL/LCD_Driver/LCD_Program.o (__udivmodsi4)
c:/users/mazen/desktop/iti/01- imt sdk/imt_sdk_win_64/winavr/bin/../lib/gcc/avr/4.3.3/avr5\libgcc.a(_exit.o)
                              c:/users/mazen/desktop/iti/01- imt sdk/imt_sdk_win_64/winavr/bin/../lib/gcc/avr/4.3.3/../../../../avr/lib/avr5/crtm32.o (exit)
c:/users/mazen/desktop/iti/01- imt sdk/imt_sdk_win_64/winavr/bin/../lib/gcc/avr/4.3.3/avr5\libgcc.a(_copy_data.o)
                              ./MCAL/ADC/ADC_Program.o (__do_copy_data)
c:/users/mazen/desktop/iti/01- imt sdk/imt_sdk_win_64/winavr/bin/../lib/gcc/avr/4.3.3/avr5\libgcc.a(_clear_bss.o)
                              ./RTOS_Stack/_RTOS/RTOS_Program.o (__do_clear_bss)
c:/users/mazen/desktop/iti/01- imt sdk/imt_sdk_win_64/winavr/bin/../lib/gcc/avr/4.3.3/avr5\libgcc.a(_fixunssfsi.o)
                              ./HAL/SevSegment/Seg_Program.o (__fixunssfsi)
c:/users/mazen/desktop/iti/01- imt sdk/imt_sdk_win_64/winavr/bin/../lib/gcc/avr/4.3.3/avr5\libgcc.a(_addsub_sf.o)
                              c:/users/mazen/desktop/iti/01- imt sdk/imt_sdk_win_64/winavr/bin/../lib/gcc/avr/4.3.3/avr5\libgcc.a(_fixunssfsi.o) (__subsf3)
c:/users/mazen/desktop/iti/01- imt sdk/imt_sdk_win_64/winavr/bin/../lib/gcc/avr/4.3.3/avr5\libgcc.a(_mul_sf.o)
                              ./HAL/SevSegment/Seg_Program.o (__mulsf3)
c:/users/mazen/desktop/iti/01- imt sdk/imt_sdk_win_64/winavr/bin/../lib/gcc/avr/4.3.3/avr5\libgcc.a(_gt_sf.o)
                              ./HAL/SevSegment/Seg_Program.o (__gtsf2)
c:/users/mazen/desktop/iti/01- imt sdk/imt_sdk_win_64/winavr/bin/../lib/gcc/avr/4.3.3/avr5\libgcc.a(_ge_sf.o)
                              c:/users/mazen/desktop/iti/01- imt sdk/imt_sdk_win_64/winavr/bin/../lib/gcc/avr/4.3.3/avr5\libgcc.a(_fixunssfsi.o) (__gesf2)
c:/users/mazen/desktop/iti/01- imt sdk/imt_sdk_win_64/winavr/bin/../lib/gcc/avr/4.3.3/avr5\libgcc.a(_lt_sf.o)
                              ./HAL/SevSegment/Seg_Program.o (__ltsf2)
c:/users/mazen/desktop/iti/01- imt sdk/imt_sdk_win_64/winavr/bin/../lib/gcc/avr/4.3.3/avr5\libgcc.a(_sf_to_si.o)
                              c:/users/mazen/desktop/iti/01- imt sdk/imt_sdk_win_64/winavr/bin/../lib/gcc/avr/4.3.3/avr5\libgcc.a(_fixunssfsi.o) (__fixsfsi)
c:/users/mazen/desktop/iti/01- imt sdk/imt_sdk_win_64/winavr/bin/../lib/gcc/avr/4.3.3/avr5\libgcc.a(_thenan_sf.o)
                              c:/users/mazen/desktop/iti/01- imt sdk/imt_sdk_win_64/winavr/bin/../lib/gcc/avr/4.3.3/avr5\libgcc.a(_addsub_sf.o) (__thenan_sf)
c:/users/mazen/desktop/iti/01- imt sdk/imt_sdk_win_64/winavr/bin/../lib/gcc/avr/4.3.3/avr5\libgcc.a(_prologue.o)
                              c:/users/mazen/desktop/iti/01- imt sdk/imt_sdk_win_64/winavr/bin/../lib/gcc/avr/4.3.3/avr5\libgcc.a(_addsub_sf.o) (__prologue_saves__)
c:/users/mazen/desktop/iti/01- imt sdk/imt_sdk_win_64/winavr/bin/../lib/gcc/avr/4.3.3/avr5\libgcc.a(_epilogue.o)
                              c:/users/mazen/desktop/iti/01- imt sdk/imt_sdk_win_64/winavr/bin/../lib/gcc/avr/4.3.3/avr5\libgcc.a(_addsub_sf.o) (__epilogue_restores__)
c:/users/mazen/desktop/iti/01- imt sdk/imt_sdk_win_64/winavr/bin/../lib/gcc/avr/4.3.3/avr5\libgcc.a(_pack_sf.o)
                              c:/users/mazen/desktop/iti/01- imt sdk/imt_sdk_win_64/winavr/bin/../lib/gcc/avr/4.3.3/avr5\libgcc.a(_addsub_sf.o) (__pack_f)
c:/users/mazen/desktop/iti/01- imt sdk/imt_sdk_win_64/winavr/bin/../lib/gcc/avr/4.3.3/avr5\libgcc.a(_unpack_sf.o)
                              c:/users/mazen/desktop/iti/01- imt sdk/imt_sdk_win_64/winavr/bin/../lib/gcc/avr/4.3.3/avr5\libgcc.a(_addsub_sf.o) (__unpack_f)
c:/users/mazen/desktop/iti/01- imt sdk/imt_sdk_win_64/winavr/bin/../lib/gcc/avr/4.3.3/avr5\libgcc.a(_fpcmp_parts_sf.o)
                              c:/users/mazen/desktop/iti/01- imt sdk/imt_sdk_win_64/winavr/bin/../lib/gcc/avr/4.3.3/avr5\libgcc.a(_gt_sf.o) (__fpcmp_parts_f)

Memory Configuration

Name             Origin             Length             Attributes
text             0x00000000         0x00020000         xr
data             0x00800060         0x0000ffa0         rw !x
eeprom           0x00810000         0x00010000         rw !x
fuse             0x00820000         0x00000400         rw !x
lock             0x00830000         0x00000400         rw !x
signature        0x00840000         0x00000400         rw !x
*default*        0x00000000         0xffffffff

Linker script and memory map

LOAD c:/users/mazen/desktop/iti/01- imt sdk/imt_sdk_win_64/winavr/bin/../lib/gcc/avr/4.3.3/../../../../avr/lib/avr5/crtm32.o
LOAD ./RTOS_Stack/_RTOS/RTOS_Program.o
LOAD ./RTOS_Stack/Timer0/Timer0_Program.o
LOAD ./RTOS_Stack/GIE/GIE.o
LOAD ./MCAL/Timer/Watchdog/Watchdog_Program.o
LOAD ./MCAL/Timer/Timer2/T2_FASTPWM/T2_FASTPWM_Program.o
LOAD ./MCAL/Timer/Timer2/T2_CTC/T2_CTC_Program.o
LOAD ./MCAL/Timer/Timer1/Timer1_Program.o
LOAD ./MCAL/EXT_INT/INT_2/EXTINT2_Program.o
LOAD ./MCAL/EXT_INT/INT_1/EXTINT1_Program.o
LOAD ./MCAL/EXT_INT/INT_0/EXTINT0_Program.o
LOAD ./MCAL/DIO/DIO_Program.o
LOAD ./MCAL/Communication/UART/UART_Program.o
LOAD ./MCAL/Communication/SPI/SPI_Program.o
LOAD ./MCAL/ADC/ADC_Program.o
LOAD ./MCAL/Global_Interrupt_Enable.o
LOAD ./HAL/Switch/Switch_program.o
LOAD ./HAL/SevSegment/Seg_Program.o
LOAD ./HAL/LED_Driver/Led_Program.o
LOAD ./HAL/LCD_Driver/LCD_Program.o
LOAD ./HAL/Keypad_Driver/Keypad_Program.o
LOAD ./APP/main.o
LOAD c:/users/mazen/desktop/iti/01- imt sdk/imt_sdk_win_64/winavr/bin/../lib/gcc/avr/4.3.3/avr5\libgcc.a
LOAD c:/users/mazen/desktop/iti/01- imt sdk/imt_sdk_win_64/winavr/bin/../lib/gcc/avr/4.3.3/../../../../avr/lib/avr5\libc.a
LOAD c:/users/mazen/desktop/iti/01- imt sdk/imt_sdk_win_64/winavr/bin/../lib/gcc/avr/4.3.3/avr5\libgcc.a

.hash
 *(.hash)

.dynsym
 *(.dynsym)

.dynstr
 *(.dynstr)

.gnu.version
 *(.gnu.version)

.gnu.version_d
 *(.gnu.version_d)

.gnu.version_r
 *(.gnu.version_r)

.rel.init
 *(.rel.init)

.rela.init
 *(.rela.init)

.rel.text
 *(.rel.text)
 *(.rel.text.*)
 *(.rel.gnu.linkonce.t*)

.rela.text
 *(.rela.text)
 *(.rela.text.*)
 *(.rela.gnu.linkonce.t*)

.rel.fini
 *(.rel.fini)

.rela.fini
 *(.rela.fini)

.rel.rodata
 *(.rel.rodata)
 *(.rel.rodata.*)
 *(.rel.gnu.linkonce.r*)

.rela.rodata
 *(.rela.rodata)
 *(.rela.rodata.*)
 *(.rela.gnu.linkonce.r*)

.rel.data
 *(.rel.data)
 *(.rel.data.*)
 *(.rel.gnu.linkonce.d*)

.rela.data
 *(.rela.data)
 *(.rela.data.*)
 *(.rela.gnu.linkonce.d*)

.rel.ctors
 *(.rel.ctors)

.rela.ctors
 *(.rela.ctors)

.rel.dtors
 *(.rel.dtors)

.rela.dtors
 *(.rela.dtors)

.rel.got
 *(.rel.got)

.rela.got
 *(.rela.got)

.rel.bss
 *(.rel.bss)

.rela.bss
 *(.rela.bss)

.rel.plt
 *(.rel.plt)

.rela.plt
 *(.rela.plt)

.text           0x00000000     0x459e
 *(.vectors)
 .vectors       0x00000000       0x54 c:/users/mazen/desktop/iti/01- imt sdk/imt_sdk_win_64/winavr/bin/../lib/gcc/avr/4.3.3/../../../../avr/lib/avr5/crtm32.o
                0x00000000                __vectors
                0x00000000                __vector_default
 *(.vectors)
 *(.progmem.gcc*)
 *(.progmem*)
                0x00000054                . = ALIGN (0x2)
                0x00000054                __trampolines_start = .
 *(.trampolines)
 .trampolines   0x00000054        0x0 linker stubs
 *(.trampolines*)
                0x00000054                __trampolines_end = .
 *(.jumptables)
 *(.jumptables*)
 *(.lowtext)
 *(.lowtext*)
                0x00000054                __ctors_start = .
 *(.ctors)
                0x00000054                __ctors_end = .
                0x00000054                __dtors_start = .
 *(.dtors)
                0x00000054                __dtors_end = .
 SORT(*)(.ctors)
 SORT(*)(.dtors)
 *(.init0)
 .init0         0x00000054        0x0 c:/users/mazen/desktop/iti/01- imt sdk/imt_sdk_win_64/winavr/bin/../lib/gcc/avr/4.3.3/../../../../avr/lib/avr5/crtm32.o
                0x00000054                __init
 *(.init0)
 *(.init1)
 *(.init1)
 *(.init2)
 .init2         0x00000054        0xc c:/users/mazen/desktop/iti/01- imt sdk/imt_sdk_win_64/winavr/bin/../lib/gcc/avr/4.3.3/../../../../avr/lib/avr5/crtm32.o
 *(.init2)
 *(.init3)
 *(.init3)
 *(.init4)
 .init4         0x00000060       0x16 c:/users/mazen/desktop/iti/01- imt sdk/imt_sdk_win_64/winavr/bin/../lib/gcc/avr/4.3.3/avr5\libgcc.a(_copy_data.o)
                0x00000060                __do_copy_data
 .init4         0x00000076       0x10 c:/users/mazen/desktop/iti/01- imt sdk/imt_sdk_win_64/winavr/bin/../lib/gcc/avr/4.3.3/avr5\libgcc.a(_clear_bss.o)
                0x00000076                __do_clear_bss
 *(.init4)
 *(.init5)
 *(.init5)
 *(.init6)
 *(.init6)
 *(.init7)
 *(.init7)
 *(.init8)
 *(.init8)
 *(.init9)
 .init9         0x00000086        0x8 c:/users/mazen/desktop/iti/01- imt sdk/imt_sdk_win_64/winavr/bin/../lib/gcc/avr/4.3.3/../../../../avr/lib/avr5/crtm32.o
 *(.init9)
 *(.text)
 .text          0x0000008e        0x4 c:/users/mazen/desktop/iti/01- imt sdk/imt_sdk_win_64/winavr/bin/../lib/gcc/avr/4.3.3/../../../../avr/lib/avr5/crtm32.o
                0x0000008e                __vector_12
                0x0000008e                __bad_interrupt
                0x0000008e                __vector_6
                0x0000008e                __vector_11
                0x0000008e                __vector_13
                0x0000008e                __vector_17
                0x0000008e                __vector_19
                0x0000008e                __vector_7
                0x0000008e                __vector_5
                0x0000008e                __vector_9
                0x0000008e                __vector_15
                0x0000008e                __vector_8
                0x0000008e                __vector_14
                0x0000008e                __vector_18
                0x0000008e                __vector_20
 .text          0x00000092        0x0 ./RTOS_Stack/_RTOS/RTOS_Program.o
 .text          0x00000092        0x0 ./RTOS_Stack/Timer0/Timer0_Program.o
 .text          0x00000092        0x0 ./RTOS_Stack/GIE/GIE.o
 .text          0x00000092        0x0 ./MCAL/Timer/Watchdog/Watchdog_Program.o
 .text          0x00000092        0x0 ./MCAL/Timer/Timer2/T2_FASTPWM/T2_FASTPWM_Program.o
 .text          0x00000092        0x0 ./MCAL/Timer/Timer2/T2_CTC/T2_CTC_Program.o
 .text          0x00000092        0x0 ./MCAL/Timer/Timer1/Timer1_Program.o
 .text          0x00000092        0x0 ./MCAL/EXT_INT/INT_2/EXTINT2_Program.o
 .text          0x00000092        0x0 ./MCAL/EXT_INT/INT_1/EXTINT1_Program.o
 .text          0x00000092        0x0 ./MCAL/EXT_INT/INT_0/EXTINT0_Program.o
 .text          0x00000092        0x0 ./MCAL/DIO/DIO_Program.o
 .text          0x00000092        0x0 ./MCAL/Communication/UART/UART_Program.o
 .text          0x00000092        0x0 ./MCAL/Communication/SPI/SPI_Program.o
 .text          0x00000092        0x0 ./MCAL/ADC/ADC_Program.o
 .text          0x00000092        0x0 ./MCAL/Global_Interrupt_Enable.o
 .text          0x00000092        0x0 ./HAL/Switch/Switch_program.o
 .text          0x00000092        0x0 ./HAL/SevSegment/Seg_Program.o
 .text          0x00000092        0x0 ./HAL/LED_Driver/Led_Program.o
 .text          0x00000092        0x0 ./HAL/LCD_Driver/LCD_Program.o
 .text          0x00000092        0x0 ./HAL/Keypad_Driver/Keypad_Program.o
 .text          0x00000092        0x0 ./APP/main.o
 .text          0x00000092        0x0 c:/users/mazen/desktop/iti/01- imt sdk/imt_sdk_win_64/winavr/bin/../lib/gcc/avr/4.3.3/avr5\libgcc.a(_udivmodsi4.o)
 .text          0x00000092        0x0 c:/users/mazen/desktop/iti/01- imt sdk/imt_sdk_win_64/winavr/bin/../lib/gcc/avr/4.3.3/avr5\libgcc.a(_exit.o)
 .text          0x00000092        0x0 c:/users/mazen/desktop/iti/01- imt sdk/imt_sdk_win_64/winavr/bin/../lib/gcc/avr/4.3.3/avr5\libgcc.a(_copy_data.o)
 .text          0x00000092        0x0 c:/users/mazen/desktop/iti/01- imt sdk/imt_sdk_win_64/winavr/bin/../lib/gcc/avr/4.3.3/avr5\libgcc.a(_clear_bss.o)
 .text          0x00000092       0x58 c:/users/mazen/desktop/iti/01- imt sdk/imt_sdk_win_64/winavr/bin/../lib/gcc/avr/4.3.3/avr5\libgcc.a(_fixunssfsi.o)
                0x00000092                __fixunssfsi
 .text          0x000000ea      0x354 c:/users/mazen/desktop/iti/01- imt sdk/imt_sdk_win_64/winavr/bin/../lib/gcc/avr/4.3.3/avr5\libgcc.a(_addsub_sf.o)
                0x00000382                __subsf3
                0x000003e4                __addsf3
 .text          0x0000043e      0x1f4 c:/users/mazen/desktop/iti/01- imt sdk/imt_sdk_win_64/winavr/bin/../lib/gcc/avr/4.3.3/avr5\libgcc.a(_mul_sf.o)
                0x0000043e                __mulsf3
 .text          0x00000632       0x60 c:/users/mazen/desktop/iti/01- imt sdk/imt_sdk_win_64/winavr/bin/../lib/gcc/avr/4.3.3/avr5\libgcc.a(_gt_sf.o)
                0x00000632                __gtsf2
 .text          0x00000692       0x60 c:/users/mazen/desktop/iti/01- imt sdk/imt_sdk_win_64/winavr/bin/../lib/gcc/avr/4.3.3/avr5\libgcc.a(_ge_sf.o)
                0x00000692                __gesf2
 .text          0x000006f2       0x60 c:/users/mazen/desktop/iti/01- imt sdk/imt_sdk_win_64/winavr/bin/../lib/gcc/avr/4.3.3/avr5\libgcc.a(_lt_sf.o)
                0x000006f2                __ltsf2
 .text          0x00000752       0xa8 c:/users/mazen/desktop/iti/01- imt sdk/imt_sdk_win_64/winavr/bin/../lib/gcc/avr/4.3.3/avr5\libgcc.a(_sf_to_si.o)
                0x00000752                __fixsfsi
 .text          0x000007fa        0x0 c:/users/mazen/desktop/iti/01- imt sdk/imt_sdk_win_64/winavr/bin/../lib/gcc/avr/4.3.3/avr5\libgcc.a(_thenan_sf.o)
 .text          0x000007fa        0x0 c:/users/mazen/desktop/iti/01- imt sdk/imt_sdk_win_64/winavr/bin/../lib/gcc/avr/4.3.3/avr5\libgcc.a(_prologue.o)
 .text          0x000007fa        0x0 c:/users/mazen/desktop/iti/01- imt sdk/imt_sdk_win_64/winavr/bin/../lib/gcc/avr/4.3.3/avr5\libgcc.a(_epilogue.o)
 .text          0x000007fa      0x1aa c:/users/mazen/desktop/iti/01- imt sdk/imt_sdk_win_64/winavr/bin/../lib/gcc/avr/4.3.3/avr5\libgcc.a(_pack_sf.o)
                0x000007fa                __pack_f
 .text          0x000009a4       0xf0 c:/users/mazen/desktop/iti/01- imt sdk/imt_sdk_win_64/winavr/bin/../lib/gcc/avr/4.3.3/avr5\libgcc.a(_unpack_sf.o)
                0x000009a4                __unpack_f
 .text          0x00000a94       0xb2 c:/users/mazen/desktop/iti/01- imt sdk/imt_sdk_win_64/winavr/bin/../lib/gcc/avr/4.3.3/avr5\libgcc.a(_fpcmp_parts_sf.o)
                0x00000a94                __fpcmp_parts_f
                0x00000b46                . = ALIGN (0x2)
 *(.text.*)
 .text.RTOS_VoidStart
                0x00000b46       0x1e ./RTOS_Stack/_RTOS/RTOS_Program.o
                0x00000b46                RTOS_VoidStart
 .text.RTOS_VoidCreatetask
                0x00000b64       0xf8 ./RTOS_Stack/_RTOS/RTOS_Program.o
                0x00000b64                RTOS_VoidCreatetask
 .text.RTOS_VoidSuspendTask
                0x00000c5c       0x36 ./RTOS_Stack/_RTOS/RTOS_Program.o
                0x00000c5c                RTOS_VoidSuspendTask
 .text.RTOS_VoidResumeTask
                0x00000c92       0x34 ./RTOS_Stack/_RTOS/RTOS_Program.o
                0x00000c92                RTOS_VoidResumeTask
 .text.RTOS_VoidDeleteTask
                0x00000cc6       0x36 ./RTOS_Stack/_RTOS/RTOS_Program.o
                0x00000cc6                RTOS_VoidDeleteTask
 .text.voidScheduler
                0x00000cfc      0x14e ./RTOS_Stack/_RTOS/RTOS_Program.o
 .text.T0_VoidInit
                0x00000e4a       0x70 ./RTOS_Stack/Timer0/Timer0_Program.o
                0x00000e4a                T0_VoidInit
 .text.Timer0_VoidSetOCR0
                0x00000eba       0x24 ./RTOS_Stack/Timer0/Timer0_Program.o
                0x00000eba                Timer0_VoidSetOCR0
 .text.Timer0_u8SetCallBack
                0x00000ede       0x3a ./RTOS_Stack/Timer0/Timer0_Program.o
                0x00000ede                Timer0_u8SetCallBack
 .text.__vector_10
                0x00000f18       0x84 ./RTOS_Stack/Timer0/Timer0_Program.o
                0x00000f18                __vector_10
 .text.GIEEnable
                0x00000f9c       0x1c ./RTOS_Stack/GIE/GIE.o
                0x00000f9c                GIEEnable
 .text.WDT_voidEnable
                0x00000fb8       0x1c ./MCAL/Timer/Watchdog/Watchdog_Program.o
                0x00000fb8                WDT_voidEnable
 .text.WDT_voidDisable
                0x00000fd4       0x1c ./MCAL/Timer/Watchdog/Watchdog_Program.o
                0x00000fd4                WDT_voidDisable
 .text.WDT_ErrStateSleep
                0x00000ff0       0x44 ./MCAL/Timer/Watchdog/Watchdog_Program.o
                0x00000ff0                WDT_ErrStateSleep
 .text.T2_VoidFPWMInit
                0x00001034       0x9a ./MCAL/Timer/Timer2/T2_FASTPWM/T2_FASTPWM_Program.o
                0x00001034                T2_VoidFPWMInit
 .text.T2_VoidSetOCR2
                0x000010ce       0x1c ./MCAL/Timer/Timer2/T2_FASTPWM/T2_FASTPWM_Program.o
                0x000010ce                T2_VoidSetOCR2
 .text.__vector_4
                0x000010ea       0x20 ./MCAL/Timer/Timer2/T2_FASTPWM/T2_FASTPWM_Program.o
                0x000010ea                __vector_4
 .text.INT2_VoidSETINT2
                0x0000110a       0x2e ./MCAL/EXT_INT/INT_2/EXTINT2_Program.o
                0x0000110a                INT2_VoidSETINT2
 .text.INT2_SetCallBack
                0x00001138       0x3c ./MCAL/EXT_INT/INT_2/EXTINT2_Program.o
                0x00001138                INT2_SetCallBack
 .text.__vector_3
                0x00001174       0x66 ./MCAL/EXT_INT/INT_2/EXTINT2_Program.o
                0x00001174                __vector_3
 .text.INT1_VoidSETINT1
                0x000011da       0x90 ./MCAL/EXT_INT/INT_1/EXTINT1_Program.o
                0x000011da                INT1_VoidSETINT1
 .text.INT1_SetCallBack
                0x0000126a       0x3c ./MCAL/EXT_INT/INT_1/EXTINT1_Program.o
                0x0000126a                INT1_SetCallBack
 .text.__vector_2
                0x000012a6       0x66 ./MCAL/EXT_INT/INT_1/EXTINT1_Program.o
                0x000012a6                __vector_2
 .text.INT0_VoidSETINT0
                0x0000130c       0x4c ./MCAL/EXT_INT/INT_0/EXTINT0_Program.o
                0x0000130c                INT0_VoidSETINT0
 .text.INT0_SetCallBack
                0x00001358       0x3c ./MCAL/EXT_INT/INT_0/EXTINT0_Program.o
                0x00001358                INT0_SetCallBack
 .text.__vector_1
                0x00001394       0x5a ./MCAL/EXT_INT/INT_0/EXTINT0_Program.o
                0x00001394                __vector_1
 .text.DIO_ErrStateSetPinDirection
                0x000013ee      0x22a ./MCAL/DIO/DIO_Program.o
                0x000013ee                DIO_ErrStateSetPinDirection
 .text.DIO_ErrStateSetPinValue
                0x00001618      0x22a ./MCAL/DIO/DIO_Program.o
                0x00001618                DIO_ErrStateSetPinValue
 .text.DIO_ErrStateReadPinValue
                0x00001842      0x128 ./MCAL/DIO/DIO_Program.o
                0x00001842                DIO_ErrStateReadPinValue
 .text.DIO_ErrStateSetGroupDirection
                0x0000196a       0x94 ./MCAL/DIO/DIO_Program.o
                0x0000196a                DIO_ErrStateSetGroupDirection
 .text.DIO_ErrStateSetPortValue
                0x000019fe       0x94 ./MCAL/DIO/DIO_Program.o
                0x000019fe                DIO_ErrStateSetPortValue
 .text.DIO_ErrStateReadGroupValue
                0x00001a92       0xb8 ./MCAL/DIO/DIO_Program.o
                0x00001a92                DIO_ErrStateReadGroupValue
 .text.UART_VoidInit
                0x00001b4a       0x8a ./MCAL/Communication/UART/UART_Program.o
                0x00001b4a                UART_VoidInit
 .text.UART_VoidSend
                0x00001bd4       0x38 ./MCAL/Communication/UART/UART_Program.o
                0x00001bd4                UART_VoidSend
 .text.UART_u8Receive
                0x00001c0c       0x1e ./MCAL/Communication/UART/UART_Program.o
                0x00001c0c                UART_u8Receive
 .text.SPI_voidInitSPIMaster
                0x00001c2a       0x7e ./MCAL/Communication/SPI/SPI_Program.o
                0x00001c2a                SPI_voidInitSPIMaster
 .text.SPI_voidSPISlaveInit
                0x00001ca8       0x38 ./MCAL/Communication/SPI/SPI_Program.o
                0x00001ca8                SPI_voidSPISlaveInit
 .text.SPI_u8Receive
                0x00001ce0       0x2c ./MCAL/Communication/SPI/SPI_Program.o
                0x00001ce0                SPI_u8Receive
 .text.ADC_ErrStateInit
                0x00001d0c       0x64 ./MCAL/ADC/ADC_Program.o
                0x00001d0c                ADC_ErrStateInit
 .text.ADC_ErrStateConversionSynch
                0x00001d70       0xfc ./MCAL/ADC/ADC_Program.o
                0x00001d70                ADC_ErrStateConversionSynch
 .text.ADC_ErrStateConversionASynch
                0x00001e6c       0xaa ./MCAL/ADC/ADC_Program.o
                0x00001e6c                ADC_ErrStateConversionASynch
 .text.__vector_16
                0x00001f16       0x84 ./MCAL/ADC/ADC_Program.o
                0x00001f16                __vector_16
 .text.EnableGlobalInterrupt
                0x00001f9a       0x1c ./MCAL/Global_Interrupt_Enable.o
                0x00001f9a                EnableGlobalInterrupt
 .text.SW_SwitchErrStateGetState
                0x00001fb6      0x154 ./HAL/Switch/Switch_program.o
                0x00001fb6                SW_SwitchErrStateGetState
 .text.SevSeg_SevErrStateSetNumber
                0x0000210a      0x160 ./HAL/SevSegment/Seg_Program.o
                0x0000210a                SevSeg_SevErrStateSetNumber
 .text.SevSeg_SevErrStateDisplayRange
                0x0000226a      0x4fc ./HAL/SevSegment/Seg_Program.o
                0x0000226a                SevSeg_SevErrStateDisplayRange
 .text.SevSeg_SevErrStateDisplayMax
                0x00002766      0x370 ./HAL/SevSegment/Seg_Program.o
                0x00002766                SevSeg_SevErrStateDisplayMax
 .text.Led_LedErrStateTurnOn
                0x00002ad6       0xce ./HAL/LED_Driver/Led_Program.o
                0x00002ad6                Led_LedErrStateTurnOn
 .text.Led_LedErrStateTurnOff
                0x00002ba4       0xa0 ./HAL/LED_Driver/Led_Program.o
                0x00002ba4                Led_LedErrStateTurnOff
 .text.LCD_VoidSendCommand
                0x00002c44      0x264 ./HAL/LCD_Driver/LCD_Program.o
                0x00002c44                LCD_VoidSendCommand
 .text.LCD_VoidSendChar
                0x00002ea8      0x958 ./HAL/LCD_Driver/LCD_Program.o
                0x00002ea8                LCD_VoidSendChar
 .text.LCD_VoidInit
                0x00003800      0x426 ./HAL/LCD_Driver/LCD_Program.o
                0x00003800                LCD_VoidInit
 .text.LCD_VoidSendString
                0x00003c26       0x56 ./HAL/LCD_Driver/LCD_Program.o
                0x00003c26                LCD_VoidSendString
 .text.LCD_VoidGoToXY
                0x00003c7c       0x48 ./HAL/LCD_Driver/LCD_Program.o
                0x00003c7c                LCD_VoidGoToXY
 .text.LCD_VoidSpecialCharacter
                0x00003cc4       0xa0 ./HAL/LCD_Driver/LCD_Program.o
                0x00003cc4                LCD_VoidSpecialCharacter
 .text.LCD_VoidSendInt
                0x00003d64      0x180 ./HAL/LCD_Driver/LCD_Program.o
                0x00003d64                LCD_VoidSendInt
 .text.KP_ErrStateInit
                0x00003ee4      0x162 ./HAL/Keypad_Driver/Keypad_Program.o
                0x00003ee4                KP_ErrStateInit
 .text.KP_ErrStateRead
                0x00004046      0x1ce ./HAL/Keypad_Driver/Keypad_Program.o
                0x00004046                KP_ErrStateRead
 .text.main     0x00004214      0x2d4 ./APP/main.o
                0x00004214                main
 .text.libgcc   0x000044e8       0x44 c:/users/mazen/desktop/iti/01- imt sdk/imt_sdk_win_64/winavr/bin/../lib/gcc/avr/4.3.3/avr5\libgcc.a(_udivmodsi4.o)
                0x000044e8                __udivmodsi4
 .text.libgcc   0x0000452c        0x0 c:/users/mazen/desktop/iti/01- imt sdk/imt_sdk_win_64/winavr/bin/../lib/gcc/avr/4.3.3/avr5\libgcc.a(_exit.o)
 .text.libgcc   0x0000452c        0x0 c:/users/mazen/desktop/iti/01- imt sdk/imt_sdk_win_64/winavr/bin/../lib/gcc/avr/4.3.3/avr5\libgcc.a(_copy_data.o)
 .text.libgcc   0x0000452c        0x0 c:/users/mazen/desktop/iti/01- imt sdk/imt_sdk_win_64/winavr/bin/../lib/gcc/avr/4.3.3/avr5\libgcc.a(_clear_bss.o)
 .text.libgcc   0x0000452c       0x38 c:/users/mazen/desktop/iti/01- imt sdk/imt_sdk_win_64/winavr/bin/../lib/gcc/avr/4.3.3/avr5\libgcc.a(_prologue.o)
                0x0000452c                __prologue_saves__
 .text.libgcc   0x00004564       0x36 c:/users/mazen/desktop/iti/01- imt sdk/imt_sdk_win_64/winavr/bin/../lib/gcc/avr/4.3.3/avr5\libgcc.a(_epilogue.o)
                0x00004564                __epilogue_restores__
                0x0000459a                . = ALIGN (0x2)
 *(.fini9)
 .fini9         0x0000459a        0x0 c:/users/mazen/desktop/iti/01- imt sdk/imt_sdk_win_64/winavr/bin/../lib/gcc/avr/4.3.3/avr5\libgcc.a(_exit.o)
                0x0000459a                exit
                0x0000459a                _exit
 *(.fini9)
 *(.fini8)
 *(.fini8)
 *(.fini7)
 *(.fini7)
 *(.fini6)
 *(.fini6)
 *(.fini5)
 *(.fini5)
 *(.fini4)
 *(.fini4)
 *(.fini3)
 *(.fini3)
 *(.fini2)
 *(.fini2)
 *(.fini1)
 *(.fini1)
 *(.fini0)
 .fini0         0x0000459a        0x4 c:/users/mazen/desktop/iti/01- imt sdk/imt_sdk_win_64/winavr/bin/../lib/gcc/avr/4.3.3/avr5\libgcc.a(_exit.o)
 *(.fini0)
                0x0000459e                _etext = .

.data           0x00800060       0xfa load address 0x0000459e
                0x00800060                PROVIDE (__data_start, .)
 *(.data)
 .data          0x00800060        0x0 c:/users/mazen/desktop/iti/01- imt sdk/imt_sdk_win_64/winavr/bin/../lib/gcc/avr/4.3.3/../../../../avr/lib/avr5/crtm32.o
 .data          0x00800060        0x0 ./RTOS_Stack/_RTOS/RTOS_Program.o
 .data          0x00800060        0x0 ./RTOS_Stack/Timer0/Timer0_Program.o
 .data          0x00800060        0x0 ./RTOS_Stack/GIE/GIE.o
 .data          0x00800060        0x0 ./MCAL/Timer/Watchdog/Watchdog_Program.o
 .data          0x00800060        0x0 ./MCAL/Timer/Timer2/T2_FASTPWM/T2_FASTPWM_Program.o
 .data          0x00800060        0x0 ./MCAL/Timer/Timer2/T2_CTC/T2_CTC_Program.o
 .data          0x00800060        0x0 ./MCAL/Timer/Timer1/Timer1_Program.o
 .data          0x00800060        0x0 ./MCAL/EXT_INT/INT_2/EXTINT2_Program.o
 .data          0x00800060        0x0 ./MCAL/EXT_INT/INT_1/EXTINT1_Program.o
 .data          0x00800060        0x0 ./MCAL/EXT_INT/INT_0/EXTINT0_Program.o
 .data          0x00800060        0x0 ./MCAL/DIO/DIO_Program.o
 .data          0x00800060        0x0 ./MCAL/Communication/UART/UART_Program.o
 .data          0x00800060        0x0 ./MCAL/Communication/SPI/SPI_Program.o
 .data          0x00800060        0x0 ./MCAL/ADC/ADC_Program.o
 .data          0x00800060        0x0 ./MCAL/Global_Interrupt_Enable.o
 .data          0x00800060        0x0 ./HAL/Switch/Switch_program.o
 .data          0x00800060        0x0 ./HAL/SevSegment/Seg_Program.o
 .data          0x00800060        0x0 ./HAL/LED_Driver/Led_Program.o
 .data          0x00800060        0x0 ./HAL/LCD_Driver/LCD_Program.o
 .data          0x00800060        0x0 ./HAL/Keypad_Driver/Keypad_Program.o
 .data          0x00800060       0xb1 ./APP/main.o
 .data          0x00800111        0x0 c:/users/mazen/desktop/iti/01- imt sdk/imt_sdk_win_64/winavr/bin/../lib/gcc/avr/4.3.3/avr5\libgcc.a(_udivmodsi4.o)
 .data          0x00800111        0x0 c:/users/mazen/desktop/iti/01- imt sdk/imt_sdk_win_64/winavr/bin/../lib/gcc/avr/4.3.3/avr5\libgcc.a(_exit.o)
 .data          0x00800111        0x0 c:/users/mazen/desktop/iti/01- imt sdk/imt_sdk_win_64/winavr/bin/../lib/gcc/avr/4.3.3/avr5\libgcc.a(_copy_data.o)
 .data          0x00800111        0x0 c:/users/mazen/desktop/iti/01- imt sdk/imt_sdk_win_64/winavr/bin/../lib/gcc/avr/4.3.3/avr5\libgcc.a(_clear_bss.o)
 .data          0x00800111        0x0 c:/users/mazen/desktop/iti/01- imt sdk/imt_sdk_win_64/winavr/bin/../lib/gcc/avr/4.3.3/avr5\libgcc.a(_fixunssfsi.o)
 .data          0x00800111        0x0 c:/users/mazen/desktop/iti/01- imt sdk/imt_sdk_win_64/winavr/bin/../lib/gcc/avr/4.3.3/avr5\libgcc.a(_addsub_sf.o)
 .data          0x00800111        0x0 c:/users/mazen/desktop/iti/01- imt sdk/imt_sdk_win_64/winavr/bin/../lib/gcc/avr/4.3.3/avr5\libgcc.a(_mul_sf.o)
 .data          0x00800111        0x0 c:/users/mazen/desktop/iti/01- imt sdk/imt_sdk_win_64/winavr/bin/../lib/gcc/avr/4.3.3/avr5\libgcc.a(_gt_sf.o)
 .data          0x00800111        0x0 c:/users/mazen/desktop/iti/01- imt sdk/imt_sdk_win_64/winavr/bin/../lib/gcc/avr/4.3.3/avr5\libgcc.a(_ge_sf.o)
 .data          0x00800111        0x0 c:/users/mazen/desktop/iti/01- imt sdk/imt_sdk_win_64/winavr/bin/../lib/gcc/avr/4.3.3/avr5\libgcc.a(_lt_sf.o)
 .data          0x00800111        0x0 c:/users/mazen/desktop/iti/01- imt sdk/imt_sdk_win_64/winavr/bin/../lib/gcc/avr/4.3.3/avr5\libgcc.a(_sf_to_si.o)
 .data          0x00800111        0x8 c:/users/mazen/desktop/iti/01- imt sdk/imt_sdk_win_64/winavr/bin/../lib/gcc/avr/4.3.3/avr5\libgcc.a(_thenan_sf.o)
                0x00800111                __thenan_sf
 .data          0x00800119        0x0 c:/users/mazen/desktop/iti/01- imt sdk/imt_sdk_win_64/winavr/bin/../lib/gcc/avr/4.3.3/avr5\libgcc.a(_prologue.o)
 .data          0x00800119        0x0 c:/users/mazen/desktop/iti/01- imt sdk/imt_sdk_win_64/winavr/bin/../lib/gcc/avr/4.3.3/avr5\libgcc.a(_epilogue.o)
 .data          0x00800119        0x0 c:/users/mazen/desktop/iti/01- imt sdk/imt_sdk_win_64/winavr/bin/../lib/gcc/avr/4.3.3/avr5\libgcc.a(_pack_sf.o)
 .data          0x00800119        0x0 c:/users/mazen/desktop/iti/01- imt sdk/imt_sdk_win_64/winavr/bin/../lib/gcc/avr/4.3.3/avr5\libgcc.a(_unpack_sf.o)
 .data          0x00800119        0x0 c:/users/mazen/desktop/iti/01- imt sdk/imt_sdk_win_64/winavr/bin/../lib/gcc/avr/4.3.3/avr5\libgcc.a(_fpcmp_parts_sf.o)
 *(.data*)
 .data.ADC_State
                0x00800119        0x1 ./MCAL/ADC/ADC_Program.o
 .data.SevSegCA_Arr
                0x0080011a        0xa ./HAL/SevSegment/Seg_Program.o
                0x0080011a                SevSegCA_Arr
 .data.SevSegCC_Arr
                0x00800124        0xa ./HAL/SevSegment/Seg_Program.o
                0x00800124                SevSegCC_Arr
 .data.KP_Arr   0x0080012e       0x10 ./HAL/Keypad_Driver/Keypad_Program.o
                0x0080012e                KP_Arr
 .data.type     0x0080013e        0x2 ./APP/main.o
                0x0080013e                type
 .data.type2    0x00800140        0x2 ./APP/main.o
                0x00800140                type2
 .data.lcd      0x00800142        0x7 ./APP/main.o
                0x00800142                lcd
 .data.RPP      0x00800149        0x8 ./APP/main.o
                0x00800149                RPP
 .data.CPP      0x00800151        0x8 ./APP/main.o
                0x00800151                CPP
 *(.rodata)
 *(.rodata*)
 *(.gnu.linkonce.d*)
                0x0080015a                . = ALIGN (0x2)
 *fill*         0x00800159        0x1 00
                0x0080015a                _edata = .
                0x0080015a                PROVIDE (__data_end, .)

.bss            0x0080015a       0x26
                0x0080015a                PROVIDE (__bss_start, .)
 *(.bss)
 .bss           0x0080015a        0x0 c:/users/mazen/desktop/iti/01- imt sdk/imt_sdk_win_64/winavr/bin/../lib/gcc/avr/4.3.3/../../../../avr/lib/avr5/crtm32.o
 .bss           0x0080015a        0x0 ./RTOS_Stack/_RTOS/RTOS_Program.o
 .bss           0x0080015a        0x0 ./RTOS_Stack/Timer0/Timer0_Program.o
 .bss           0x0080015a        0x0 ./RTOS_Stack/GIE/GIE.o
 .bss           0x0080015a        0x0 ./MCAL/Timer/Watchdog/Watchdog_Program.o
 .bss           0x0080015a        0x0 ./MCAL/Timer/Timer2/T2_FASTPWM/T2_FASTPWM_Program.o
 .bss           0x0080015a        0x0 ./MCAL/Timer/Timer2/T2_CTC/T2_CTC_Program.o
 .bss           0x0080015a        0x0 ./MCAL/Timer/Timer1/Timer1_Program.o
 .bss           0x0080015a        0x0 ./MCAL/EXT_INT/INT_2/EXTINT2_Program.o
 .bss           0x0080015a        0x0 ./MCAL/EXT_INT/INT_1/EXTINT1_Program.o
 .bss           0x0080015a        0x0 ./MCAL/EXT_INT/INT_0/EXTINT0_Program.o
 .bss           0x0080015a        0x0 ./MCAL/DIO/DIO_Program.o
 .bss           0x0080015a        0x0 ./MCAL/Communication/UART/UART_Program.o
 .bss           0x0080015a        0x0 ./MCAL/Communication/SPI/SPI_Program.o
 .bss           0x0080015a        0x0 ./MCAL/ADC/ADC_Program.o
 .bss           0x0080015a        0x0 ./MCAL/Global_Interrupt_Enable.o
 .bss           0x0080015a        0x0 ./HAL/Switch/Switch_program.o
 .bss           0x0080015a        0x0 ./HAL/SevSegment/Seg_Program.o
 .bss           0x0080015a        0x0 ./HAL/LED_Driver/Led_Program.o
 .bss           0x0080015a        0x0 ./HAL/LCD_Driver/LCD_Program.o
 .bss           0x0080015a        0x0 ./HAL/Keypad_Driver/Keypad_Program.o
 .bss           0x0080015a        0x0 ./APP/main.o
 .bss           0x0080015a        0x0 c:/users/mazen/desktop/iti/01- imt sdk/imt_sdk_win_64/winavr/bin/../lib/gcc/avr/4.3.3/avr5\libgcc.a(_udivmodsi4.o)
 .bss           0x0080015a        0x0 c:/users/mazen/desktop/iti/01- imt sdk/imt_sdk_win_64/winavr/bin/../lib/gcc/avr/4.3.3/avr5\libgcc.a(_exit.o)
 .bss           0x0080015a        0x0 c:/users/mazen/desktop/iti/01- imt sdk/imt_sdk_win_64/winavr/bin/../lib/gcc/avr/4.3.3/avr5\libgcc.a(_copy_data.o)
 .bss           0x0080015a        0x0 c:/users/mazen/desktop/iti/01- imt sdk/imt_sdk_win_64/winavr/bin/../lib/gcc/avr/4.3.3/avr5\libgcc.a(_clear_bss.o)
 .bss           0x0080015a        0x0 c:/users/mazen/desktop/iti/01- imt sdk/imt_sdk_win_64/winavr/bin/../lib/gcc/avr/4.3.3/avr5\libgcc.a(_fixunssfsi.o)
 .bss           0x0080015a        0x0 c:/users/mazen/desktop/iti/01- imt sdk/imt_sdk_win_64/winavr/bin/../lib/gcc/avr/4.3.3/avr5\libgcc.a(_addsub_sf.o)
 .bss           0x0080015a        0x0 c:/users/mazen/desktop/iti/01- imt sdk/imt_sdk_win_64/winavr/bin/../lib/gcc/avr/4.3.3/avr5\libgcc.a(_mul_sf.o)
 .bss           0x0080015a        0x0 c:/users/mazen/desktop/iti/01- imt sdk/imt_sdk_win_64/winavr/bin/../lib/gcc/avr/4.3.3/avr5\libgcc.a(_gt_sf.o)
 .bss           0x0080015a        0x0 c:/users/mazen/desktop/iti/01- imt sdk/imt_sdk_win_64/winavr/bin/../lib/gcc/avr/4.3.3/avr5\libgcc.a(_ge_sf.o)
 .bss           0x0080015a        0x0 c:/users/mazen/desktop/iti/01- imt sdk/imt_sdk_win_64/winavr/bin/../lib/gcc/avr/4.3.3/avr5\libgcc.a(_lt_sf.o)
 .bss           0x0080015a        0x0 c:/users/mazen/desktop/iti/01- imt sdk/imt_sdk_win_64/winavr/bin/../lib/gcc/avr/4.3.3/avr5\libgcc.a(_sf_to_si.o)
 .bss           0x0080015a        0x0 c:/users/mazen/desktop/iti/01- imt sdk/imt_sdk_win_64/winavr/bin/../lib/gcc/avr/4.3.3/avr5\libgcc.a(_thenan_sf.o)
 .bss           0x0080015a        0x0 c:/users/mazen/desktop/iti/01- imt sdk/imt_sdk_win_64/winavr/bin/../lib/gcc/avr/4.3.3/avr5\libgcc.a(_prologue.o)
 .bss           0x0080015a        0x0 c:/users/mazen/desktop/iti/01- imt sdk/imt_sdk_win_64/winavr/bin/../lib/gcc/avr/4.3.3/avr5\libgcc.a(_epilogue.o)
 .bss           0x0080015a        0x0 c:/users/mazen/desktop/iti/01- imt sdk/imt_sdk_win_64/winavr/bin/../lib/gcc/avr/4.3.3/avr5\libgcc.a(_pack_sf.o)
 .bss           0x0080015a        0x0 c:/users/mazen/desktop/iti/01- imt sdk/imt_sdk_win_64/winavr/bin/../lib/gcc/avr/4.3.3/avr5\libgcc.a(_unpack_sf.o)
 .bss           0x0080015a        0x0 c:/users/mazen/desktop/iti/01- imt sdk/imt_sdk_win_64/winavr/bin/../lib/gcc/avr/4.3.3/avr5\libgcc.a(_fpcmp_parts_sf.o)
 *(.bss*)
 .bss.SystemTasks
                0x0080015a       0x15 ./RTOS_Stack/_RTOS/RTOS_Program.o
                0x0080015a                SystemTasks
 .bss.T0_pvCallBackfun
                0x0080016f        0x2 ./RTOS_Stack/Timer0/Timer0_Program.o
 .bss.counter.1297
                0x00800171        0x2 ./RTOS_Stack/Timer0/Timer0_Program.o
 .bss.INT2_CallbackAddress
                0x00800173        0x2 ./MCAL/EXT_INT/INT_2/EXTINT2_Program.o
                0x00800173                INT2_CallbackAddress
 .bss.INT1_CallbackAddress
                0x00800175        0x2 ./MCAL/EXT_INT/INT_1/EXTINT1_Program.o
                0x00800175                INT1_CallbackAddress
 .bss.INT0_CallbackAddress
                0x00800177        0x2 ./MCAL/EXT_INT/INT_0/EXTINT0_Program.o
                0x00800177                INT0_CallbackAddress
 .bss.ADC_pu8Readibg
                0x00800179        0x2 ./MCAL/ADC/ADC_Program.o
 .bss.ADC_pvCallBackNotifFunc
                0x0080017b        0x2 ./MCAL/ADC/ADC_Program.o
 .bss.FirstLineCounter.1504
                0x0080017d        0x1 ./HAL/LCD_Driver/LCD_Program.o
 .bss.SecondLineCounter.1503
                0x0080017e        0x1 ./HAL/LCD_Driver/LCD_Program.o
 .bss.SwitchingCounter.1502
                0x0080017f        0x1 ./HAL/LCD_Driver/LCD_Program.o
 *(COMMON)
                0x00800180                PROVIDE (__bss_end, .)
                0x0000459e                __data_load_start = LOADADDR (.data)
                0x00004698                __data_load_end = (__data_load_start + SIZEOF (.data))

.noinit         0x00800180        0x0
                0x00800180                PROVIDE (__noinit_start, .)
 *(.noinit*)
                0x00800180                PROVIDE (__noinit_end, .)
                0x00800180                _end = .
                0x00800180                PROVIDE (__heap_start, .)

.eeprom         0x00810000        0x0
 *(.eeprom*)
                0x00810000                __eeprom_end = .

.fuse
 *(.fuse)
 *(.lfuse)
 *(.hfuse)
 *(.efuse)

.lock
 *(.lock*)

.signature
 *(.signature*)

.stab           0x00000000     0x68dc
 *(.stab)
 .stab          0x00000000      0x588 ./RTOS_Stack/_RTOS/RTOS_Program.o
 .stab          0x00000588      0x3fc ./RTOS_Stack/Timer0/Timer0_Program.o
                                0x408 (size before relaxing)
 .stab          0x00000984      0x1b0 ./RTOS_Stack/GIE/GIE.o
                                0x1bc (size before relaxing)
 .stab          0x00000b34      0x330 ./MCAL/Timer/Watchdog/Watchdog_Program.o
                                0x33c (size before relaxing)
 .stab          0x00000e64      0x354 ./MCAL/Timer/Timer2/T2_FASTPWM/T2_FASTPWM_Program.o
                                0x360 (size before relaxing)
 .stab          0x000011b8      0x258 ./MCAL/Timer/Timer2/T2_CTC/T2_CTC_Program.o
                                0x264 (size before relaxing)
 .stab          0x00001410       0xd8 ./MCAL/Timer/Timer1/Timer1_Program.o
                                 0xe4 (size before relaxing)
 .stab          0x000014e8      0x2d0 ./MCAL/EXT_INT/INT_2/EXTINT2_Program.o
                                0x2dc (size before relaxing)
 .stab          0x000017b8      0x39c ./MCAL/EXT_INT/INT_1/EXTINT1_Program.o
                                0x3a8 (size before relaxing)
 .stab          0x00001b54      0x36c ./MCAL/EXT_INT/INT_0/EXTINT0_Program.o
                                0x378 (size before relaxing)
 .stab          0x00001ec0      0x6cc ./MCAL/DIO/DIO_Program.o
                                0x6d8 (size before relaxing)
 .stab          0x0000258c      0x3b4 ./MCAL/Communication/UART/UART_Program.o
                                0x3c0 (size before relaxing)
 .stab          0x00002940      0x384 ./MCAL/Communication/SPI/SPI_Program.o
                                0x390 (size before relaxing)
 .stab          0x00002cc4      0x600 ./MCAL/ADC/ADC_Program.o
                                0x60c (size before relaxing)
 .stab          0x000032c4      0x1b0 ./MCAL/Global_Interrupt_Enable.o
                                0x1bc (size before relaxing)
 .stab          0x00003474      0x420 ./HAL/Switch/Switch_program.o
                                0x42c (size before relaxing)
 .stab          0x00003894      0xd68 ./HAL/SevSegment/Seg_Program.o
                                0xd74 (size before relaxing)
 .stab          0x000045fc      0x474 ./HAL/LED_Driver/Led_Program.o
                                0x480 (size before relaxing)
 .stab          0x00004a70     0x11dc ./HAL/LCD_Driver/LCD_Program.o
                               0x1374 (size before relaxing)
 .stab          0x00005c4c      0x5dc ./HAL/Keypad_Driver/Keypad_Program.o
                                0x774 (size before relaxing)
 .stab          0x00006228      0x6b4 ./APP/main.o
                                0x84c (size before relaxing)

.stabstr        0x00000000     0x4cbd
 *(.stabstr)
 .stabstr       0x00000000     0x4cbd ./RTOS_Stack/_RTOS/RTOS_Program.o

.stab.excl
 *(.stab.excl)

.stab.exclstr
 *(.stab.exclstr)

.stab.index
 *(.stab.index)

.stab.indexstr
 *(.stab.indexstr)

.comment
 *(.comment)

.debug
 *(.debug)

.line
 *(.line)

.debug_srcinfo
 *(.debug_srcinfo)

.debug_sfnames
 *(.debug_sfnames)

.debug_aranges  0x00000000      0x140
 *(.debug_aranges)
 .debug_aranges
                0x00000000       0x20 c:/users/mazen/desktop/iti/01- imt sdk/imt_sdk_win_64/winavr/bin/../lib/gcc/avr/4.3.3/avr5\libgcc.a(_fixunssfsi.o)
 .debug_aranges
                0x00000020       0x20 c:/users/mazen/desktop/iti/01- imt sdk/imt_sdk_win_64/winavr/bin/../lib/gcc/avr/4.3.3/avr5\libgcc.a(_addsub_sf.o)
 .debug_aranges
                0x00000040       0x20 c:/users/mazen/desktop/iti/01- imt sdk/imt_sdk_win_64/winavr/bin/../lib/gcc/avr/4.3.3/avr5\libgcc.a(_mul_sf.o)
 .debug_aranges
                0x00000060       0x20 c:/users/mazen/desktop/iti/01- imt sdk/imt_sdk_win_64/winavr/bin/../lib/gcc/avr/4.3.3/avr5\libgcc.a(_gt_sf.o)
 .debug_aranges
                0x00000080       0x20 c:/users/mazen/desktop/iti/01- imt sdk/imt_sdk_win_64/winavr/bin/../lib/gcc/avr/4.3.3/avr5\libgcc.a(_ge_sf.o)
 .debug_aranges
                0x000000a0       0x20 c:/users/mazen/desktop/iti/01- imt sdk/imt_sdk_win_64/winavr/bin/../lib/gcc/avr/4.3.3/avr5\libgcc.a(_lt_sf.o)
 .debug_aranges
                0x000000c0       0x20 c:/users/mazen/desktop/iti/01- imt sdk/imt_sdk_win_64/winavr/bin/../lib/gcc/avr/4.3.3/avr5\libgcc.a(_sf_to_si.o)
 .debug_aranges
                0x000000e0       0x20 c:/users/mazen/desktop/iti/01- imt sdk/imt_sdk_win_64/winavr/bin/../lib/gcc/avr/4.3.3/avr5\libgcc.a(_pack_sf.o)
 .debug_aranges
                0x00000100       0x20 c:/users/mazen/desktop/iti/01- imt sdk/imt_sdk_win_64/winavr/bin/../lib/gcc/avr/4.3.3/avr5\libgcc.a(_unpack_sf.o)
 .debug_aranges
                0x00000120       0x20 c:/users/mazen/desktop/iti/01- imt sdk/imt_sdk_win_64/winavr/bin/../lib/gcc/avr/4.3.3/avr5\libgcc.a(_fpcmp_parts_sf.o)

.debug_pubnames
                0x00000000      0x170
 *(.debug_pubnames)
 .debug_pubnames
                0x00000000       0x23 c:/users/mazen/desktop/iti/01- imt sdk/imt_sdk_win_64/winavr/bin/../lib/gcc/avr/4.3.3/avr5\libgcc.a(_fixunssfsi.o)
 .debug_pubnames
                0x00000023       0x2c c:/users/mazen/desktop/iti/01- imt sdk/imt_sdk_win_64/winavr/bin/../lib/gcc/avr/4.3.3/avr5\libgcc.a(_addsub_sf.o)
 .debug_pubnames
                0x0000004f       0x1f c:/users/mazen/desktop/iti/01- imt sdk/imt_sdk_win_64/winavr/bin/../lib/gcc/avr/4.3.3/avr5\libgcc.a(_mul_sf.o)
 .debug_pubnames
                0x0000006e       0x1e c:/users/mazen/desktop/iti/01- imt sdk/imt_sdk_win_64/winavr/bin/../lib/gcc/avr/4.3.3/avr5\libgcc.a(_gt_sf.o)
 .debug_pubnames
                0x0000008c       0x1e c:/users/mazen/desktop/iti/01- imt sdk/imt_sdk_win_64/winavr/bin/../lib/gcc/avr/4.3.3/avr5\libgcc.a(_ge_sf.o)
 .debug_pubnames
                0x000000aa       0x1e c:/users/mazen/desktop/iti/01- imt sdk/imt_sdk_win_64/winavr/bin/../lib/gcc/avr/4.3.3/avr5\libgcc.a(_lt_sf.o)
 .debug_pubnames
                0x000000c8       0x20 c:/users/mazen/desktop/iti/01- imt sdk/imt_sdk_win_64/winavr/bin/../lib/gcc/avr/4.3.3/avr5\libgcc.a(_sf_to_si.o)
 .debug_pubnames
                0x000000e8       0x22 c:/users/mazen/desktop/iti/01- imt sdk/imt_sdk_win_64/winavr/bin/../lib/gcc/avr/4.3.3/avr5\libgcc.a(_thenan_sf.o)
 .debug_pubnames
                0x0000010a       0x1f c:/users/mazen/desktop/iti/01- imt sdk/imt_sdk_win_64/winavr/bin/../lib/gcc/avr/4.3.3/avr5\libgcc.a(_pack_sf.o)
 .debug_pubnames
                0x00000129       0x21 c:/users/mazen/desktop/iti/01- imt sdk/imt_sdk_win_64/winavr/bin/../lib/gcc/avr/4.3.3/avr5\libgcc.a(_unpack_sf.o)
 .debug_pubnames
                0x0000014a       0x26 c:/users/mazen/desktop/iti/01- imt sdk/imt_sdk_win_64/winavr/bin/../lib/gcc/avr/4.3.3/avr5\libgcc.a(_fpcmp_parts_sf.o)

.debug_info     0x00000000     0x1c49
 *(.debug_info)
 .debug_info    0x00000000       0xb1 c:/users/mazen/desktop/iti/01- imt sdk/imt_sdk_win_64/winavr/bin/../lib/gcc/avr/4.3.3/avr5\libgcc.a(_fixunssfsi.o)
 .debug_info    0x000000b1      0x47a c:/users/mazen/desktop/iti/01- imt sdk/imt_sdk_win_64/winavr/bin/../lib/gcc/avr/4.3.3/avr5\libgcc.a(_addsub_sf.o)
 .debug_info    0x0000052b      0x485 c:/users/mazen/desktop/iti/01- imt sdk/imt_sdk_win_64/winavr/bin/../lib/gcc/avr/4.3.3/avr5\libgcc.a(_mul_sf.o)
 .debug_info    0x000009b0      0x27f c:/users/mazen/desktop/iti/01- imt sdk/imt_sdk_win_64/winavr/bin/../lib/gcc/avr/4.3.3/avr5\libgcc.a(_gt_sf.o)
 .debug_info    0x00000c2f      0x27f c:/users/mazen/desktop/iti/01- imt sdk/imt_sdk_win_64/winavr/bin/../lib/gcc/avr/4.3.3/avr5\libgcc.a(_ge_sf.o)
 .debug_info    0x00000eae      0x27f c:/users/mazen/desktop/iti/01- imt sdk/imt_sdk_win_64/winavr/bin/../lib/gcc/avr/4.3.3/avr5\libgcc.a(_lt_sf.o)
 .debug_info    0x0000112d      0x2b0 c:/users/mazen/desktop/iti/01- imt sdk/imt_sdk_win_64/winavr/bin/../lib/gcc/avr/4.3.3/avr5\libgcc.a(_sf_to_si.o)
 .debug_info    0x000013dd      0x12c c:/users/mazen/desktop/iti/01- imt sdk/imt_sdk_win_64/winavr/bin/../lib/gcc/avr/4.3.3/avr5\libgcc.a(_thenan_sf.o)
 .debug_info    0x00001509      0x2df c:/users/mazen/desktop/iti/01- imt sdk/imt_sdk_win_64/winavr/bin/../lib/gcc/avr/4.3.3/avr5\libgcc.a(_pack_sf.o)
 .debug_info    0x000017e8      0x251 c:/users/mazen/desktop/iti/01- imt sdk/imt_sdk_win_64/winavr/bin/../lib/gcc/avr/4.3.3/avr5\libgcc.a(_unpack_sf.o)
 .debug_info    0x00001a39      0x210 c:/users/mazen/desktop/iti/01- imt sdk/imt_sdk_win_64/winavr/bin/../lib/gcc/avr/4.3.3/avr5\libgcc.a(_fpcmp_parts_sf.o)
 *(.gnu.linkonce.wi.*)

.debug_abbrev   0x00000000      0xeeb
 *(.debug_abbrev)
 .debug_abbrev  0x00000000       0x5d c:/users/mazen/desktop/iti/01- imt sdk/imt_sdk_win_64/winavr/bin/../lib/gcc/avr/4.3.3/avr5\libgcc.a(_fixunssfsi.o)
 .debug_abbrev  0x0000005d      0x1ea c:/users/mazen/desktop/iti/01- imt sdk/imt_sdk_win_64/winavr/bin/../lib/gcc/avr/4.3.3/avr5\libgcc.a(_addsub_sf.o)
 .debug_abbrev  0x00000247      0x21b c:/users/mazen/desktop/iti/01- imt sdk/imt_sdk_win_64/winavr/bin/../lib/gcc/avr/4.3.3/avr5\libgcc.a(_mul_sf.o)
 .debug_abbrev  0x00000462      0x15a c:/users/mazen/desktop/iti/01- imt sdk/imt_sdk_win_64/winavr/bin/../lib/gcc/avr/4.3.3/avr5\libgcc.a(_gt_sf.o)
 .debug_abbrev  0x000005bc      0x15a c:/users/mazen/desktop/iti/01- imt sdk/imt_sdk_win_64/winavr/bin/../lib/gcc/avr/4.3.3/avr5\libgcc.a(_ge_sf.o)
 .debug_abbrev  0x00000716      0x15a c:/users/mazen/desktop/iti/01- imt sdk/imt_sdk_win_64/winavr/bin/../lib/gcc/avr/4.3.3/avr5\libgcc.a(_lt_sf.o)
 .debug_abbrev  0x00000870      0x17f c:/users/mazen/desktop/iti/01- imt sdk/imt_sdk_win_64/winavr/bin/../lib/gcc/avr/4.3.3/avr5\libgcc.a(_sf_to_si.o)
 .debug_abbrev  0x000009ef       0xad c:/users/mazen/desktop/iti/01- imt sdk/imt_sdk_win_64/winavr/bin/../lib/gcc/avr/4.3.3/avr5\libgcc.a(_thenan_sf.o)
 .debug_abbrev  0x00000a9c      0x1c0 c:/users/mazen/desktop/iti/01- imt sdk/imt_sdk_win_64/winavr/bin/../lib/gcc/avr/4.3.3/avr5\libgcc.a(_pack_sf.o)
 .debug_abbrev  0x00000c5c      0x154 c:/users/mazen/desktop/iti/01- imt sdk/imt_sdk_win_64/winavr/bin/../lib/gcc/avr/4.3.3/avr5\libgcc.a(_unpack_sf.o)
 .debug_abbrev  0x00000db0      0x13b c:/users/mazen/desktop/iti/01- imt sdk/imt_sdk_win_64/winavr/bin/../lib/gcc/avr/4.3.3/avr5\libgcc.a(_fpcmp_parts_sf.o)

.debug_line     0x00000000      0xdad
 *(.debug_line)
 .debug_line    0x00000000       0xa7 c:/users/mazen/desktop/iti/01- imt sdk/imt_sdk_win_64/winavr/bin/../lib/gcc/avr/4.3.3/avr5\libgcc.a(_fixunssfsi.o)
 .debug_line    0x000000a7      0x2af c:/users/mazen/desktop/iti/01- imt sdk/imt_sdk_win_64/winavr/bin/../lib/gcc/avr/4.3.3/avr5\libgcc.a(_addsub_sf.o)
 .debug_line    0x00000356      0x239 c:/users/mazen/desktop/iti/01- imt sdk/imt_sdk_win_64/winavr/bin/../lib/gcc/avr/4.3.3/avr5\libgcc.a(_mul_sf.o)
 .debug_line    0x0000058f       0xd3 c:/users/mazen/desktop/iti/01- imt sdk/imt_sdk_win_64/winavr/bin/../lib/gcc/avr/4.3.3/avr5\libgcc.a(_gt_sf.o)
 .debug_line    0x00000662       0xd3 c:/users/mazen/desktop/iti/01- imt sdk/imt_sdk_win_64/winavr/bin/../lib/gcc/avr/4.3.3/avr5\libgcc.a(_ge_sf.o)
 .debug_line    0x00000735       0xd3 c:/users/mazen/desktop/iti/01- imt sdk/imt_sdk_win_64/winavr/bin/../lib/gcc/avr/4.3.3/avr5\libgcc.a(_lt_sf.o)
 .debug_line    0x00000808      0x109 c:/users/mazen/desktop/iti/01- imt sdk/imt_sdk_win_64/winavr/bin/../lib/gcc/avr/4.3.3/avr5\libgcc.a(_sf_to_si.o)
 .debug_line    0x00000911       0x90 c:/users/mazen/desktop/iti/01- imt sdk/imt_sdk_win_64/winavr/bin/../lib/gcc/avr/4.3.3/avr5\libgcc.a(_thenan_sf.o)
 .debug_line    0x000009a1      0x18a c:/users/mazen/desktop/iti/01- imt sdk/imt_sdk_win_64/winavr/bin/../lib/gcc/avr/4.3.3/avr5\libgcc.a(_pack_sf.o)
 .debug_line    0x00000b2b      0x14b c:/users/mazen/desktop/iti/01- imt sdk/imt_sdk_win_64/winavr/bin/../lib/gcc/avr/4.3.3/avr5\libgcc.a(_unpack_sf.o)
 .debug_line    0x00000c76      0x137 c:/users/mazen/desktop/iti/01- imt sdk/imt_sdk_win_64/winavr/bin/../lib/gcc/avr/4.3.3/avr5\libgcc.a(_fpcmp_parts_sf.o)

.debug_frame    0x00000000      0x160
 *(.debug_frame)
 .debug_frame   0x00000000       0x20 c:/users/mazen/desktop/iti/01- imt sdk/imt_sdk_win_64/winavr/bin/../lib/gcc/avr/4.3.3/avr5\libgcc.a(_fixunssfsi.o)
 .debug_frame   0x00000020       0x40 c:/users/mazen/desktop/iti/01- imt sdk/imt_sdk_win_64/winavr/bin/../lib/gcc/avr/4.3.3/avr5\libgcc.a(_addsub_sf.o)
 .debug_frame   0x00000060       0x20 c:/users/mazen/desktop/iti/01- imt sdk/imt_sdk_win_64/winavr/bin/../lib/gcc/avr/4.3.3/avr5\libgcc.a(_mul_sf.o)
 .debug_frame   0x00000080       0x20 c:/users/mazen/desktop/iti/01- imt sdk/imt_sdk_win_64/winavr/bin/../lib/gcc/avr/4.3.3/avr5\libgcc.a(_gt_sf.o)
 .debug_frame   0x000000a0       0x20 c:/users/mazen/desktop/iti/01- imt sdk/imt_sdk_win_64/winavr/bin/../lib/gcc/avr/4.3.3/avr5\libgcc.a(_ge_sf.o)
 .debug_frame   0x000000c0       0x20 c:/users/mazen/desktop/iti/01- imt sdk/imt_sdk_win_64/winavr/bin/../lib/gcc/avr/4.3.3/avr5\libgcc.a(_lt_sf.o)
 .debug_frame   0x000000e0       0x20 c:/users/mazen/desktop/iti/01- imt sdk/imt_sdk_win_64/winavr/bin/../lib/gcc/avr/4.3.3/avr5\libgcc.a(_sf_to_si.o)
 .debug_frame   0x00000100       0x20 c:/users/mazen/desktop/iti/01- imt sdk/imt_sdk_win_64/winavr/bin/../lib/gcc/avr/4.3.3/avr5\libgcc.a(_pack_sf.o)
 .debug_frame   0x00000120       0x20 c:/users/mazen/desktop/iti/01- imt sdk/imt_sdk_win_64/winavr/bin/../lib/gcc/avr/4.3.3/avr5\libgcc.a(_unpack_sf.o)
 .debug_frame   0x00000140       0x20 c:/users/mazen/desktop/iti/01- imt sdk/imt_sdk_win_64/winavr/bin/../lib/gcc/avr/4.3.3/avr5\libgcc.a(_fpcmp_parts_sf.o)

.debug_str      0x00000000      0x28d
 *(.debug_str)
 .debug_str     0x00000000       0xbf c:/users/mazen/desktop/iti/01- imt sdk/imt_sdk_win_64/winavr/bin/../lib/gcc/avr/4.3.3/avr5\libgcc.a(_fixunssfsi.o)
                                 0xfe (size before relaxing)
 .debug_str     0x000000bf      0x14d c:/users/mazen/desktop/iti/01- imt sdk/imt_sdk_win_64/winavr/bin/../lib/gcc/avr/4.3.3/avr5\libgcc.a(_addsub_sf.o)
                                0x206 (size before relaxing)
 .debug_str     0x0000020c       0x27 c:/users/mazen/desktop/iti/01- imt sdk/imt_sdk_win_64/winavr/bin/../lib/gcc/avr/4.3.3/avr5\libgcc.a(_mul_sf.o)
                                0x1bf (size before relaxing)
 .debug_str     0x00000233        0xf c:/users/mazen/desktop/iti/01- imt sdk/imt_sdk_win_64/winavr/bin/../lib/gcc/avr/4.3.3/avr5\libgcc.a(_gt_sf.o)
                                0x195 (size before relaxing)
 .debug_str     0x00000242        0x8 c:/users/mazen/desktop/iti/01- imt sdk/imt_sdk_win_64/winavr/bin/../lib/gcc/avr/4.3.3/avr5\libgcc.a(_ge_sf.o)
                                0x195 (size before relaxing)
 .debug_str     0x0000024a        0x8 c:/users/mazen/desktop/iti/01- imt sdk/imt_sdk_win_64/winavr/bin/../lib/gcc/avr/4.3.3/avr5\libgcc.a(_lt_sf.o)
                                0x195 (size before relaxing)
 .debug_str     0x00000252        0xa c:/users/mazen/desktop/iti/01- imt sdk/imt_sdk_win_64/winavr/bin/../lib/gcc/avr/4.3.3/avr5\libgcc.a(_sf_to_si.o)
                                0x19e (size before relaxing)
 .debug_str     0x00000000      0x103 c:/users/mazen/desktop/iti/01- imt sdk/imt_sdk_win_64/winavr/bin/../lib/gcc/avr/4.3.3/avr5\libgcc.a(_thenan_sf.o)
 .debug_str     0x0000025c       0x16 c:/users/mazen/desktop/iti/01- imt sdk/imt_sdk_win_64/winavr/bin/../lib/gcc/avr/4.3.3/avr5\libgcc.a(_pack_sf.o)
                                0x19d (size before relaxing)
 .debug_str     0x00000272        0xb c:/users/mazen/desktop/iti/01- imt sdk/imt_sdk_win_64/winavr/bin/../lib/gcc/avr/4.3.3/avr5\libgcc.a(_unpack_sf.o)
                                0x17f (size before relaxing)
 .debug_str     0x0000027d       0x10 c:/users/mazen/desktop/iti/01- imt sdk/imt_sdk_win_64/winavr/bin/../lib/gcc/avr/4.3.3/avr5\libgcc.a(_fpcmp_parts_sf.o)
                                0x163 (size before relaxing)

.debug_loc      0x00000000      0x7ce
 *(.debug_loc)
 .debug_loc     0x00000000       0x34 c:/users/mazen/desktop/iti/01- imt sdk/imt_sdk_win_64/winavr/bin/../lib/gcc/avr/4.3.3/avr5\libgcc.a(_fixunssfsi.o)
 .debug_loc     0x00000034      0x32a c:/users/mazen/desktop/iti/01- imt sdk/imt_sdk_win_64/winavr/bin/../lib/gcc/avr/4.3.3/avr5\libgcc.a(_addsub_sf.o)
 .debug_loc     0x0000035e      0x104 c:/users/mazen/desktop/iti/01- imt sdk/imt_sdk_win_64/winavr/bin/../lib/gcc/avr/4.3.3/avr5\libgcc.a(_mul_sf.o)
 .debug_loc     0x00000462       0x3c c:/users/mazen/desktop/iti/01- imt sdk/imt_sdk_win_64/winavr/bin/../lib/gcc/avr/4.3.3/avr5\libgcc.a(_gt_sf.o)
 .debug_loc     0x0000049e       0x3c c:/users/mazen/desktop/iti/01- imt sdk/imt_sdk_win_64/winavr/bin/../lib/gcc/avr/4.3.3/avr5\libgcc.a(_ge_sf.o)
 .debug_loc     0x000004da       0x3c c:/users/mazen/desktop/iti/01- imt sdk/imt_sdk_win_64/winavr/bin/../lib/gcc/avr/4.3.3/avr5\libgcc.a(_lt_sf.o)
 .debug_loc     0x00000516       0x7e c:/users/mazen/desktop/iti/01- imt sdk/imt_sdk_win_64/winavr/bin/../lib/gcc/avr/4.3.3/avr5\libgcc.a(_sf_to_si.o)
 .debug_loc     0x00000594      0x13e c:/users/mazen/desktop/iti/01- imt sdk/imt_sdk_win_64/winavr/bin/../lib/gcc/avr/4.3.3/avr5\libgcc.a(_pack_sf.o)
 .debug_loc     0x000006d2       0xac c:/users/mazen/desktop/iti/01- imt sdk/imt_sdk_win_64/winavr/bin/../lib/gcc/avr/4.3.3/avr5\libgcc.a(_unpack_sf.o)
 .debug_loc     0x0000077e       0x50 c:/users/mazen/desktop/iti/01- imt sdk/imt_sdk_win_64/winavr/bin/../lib/gcc/avr/4.3.3/avr5\libgcc.a(_fpcmp_parts_sf.o)

.debug_macinfo
 *(.debug_macinfo)
OUTPUT(Mar_29.elf elf32-avr)
LOAD linker stubs

.debug_ranges   0x00000000       0x50
 .debug_ranges  0x00000000       0x50 c:/users/mazen/desktop/iti/01- imt sdk/imt_sdk_win_64/winavr/bin/../lib/gcc/avr/4.3.3/avr5\libgcc.a(_mul_sf.o)
