Archive member included because of file (symbol)

c:/users/mazen/desktop/iti/01- imt sdk/imt_sdk_win_64/winavr/bin/../lib/gcc/avr/4.3.3/avr5\libgcc.a(_udivmodsi4.o)
                              ./HAL/LCD_Driver/LCD_Program.o (__udivmodsi4)
c:/users/mazen/desktop/iti/01- imt sdk/imt_sdk_win_64/winavr/bin/../lib/gcc/avr/4.3.3/avr5\libgcc.a(_exit.o)
                              c:/users/mazen/desktop/iti/01- imt sdk/imt_sdk_win_64/winavr/bin/../lib/gcc/avr/4.3.3/../../../../avr/lib/avr5/crtm32.o (exit)
c:/users/mazen/desktop/iti/01- imt sdk/imt_sdk_win_64/winavr/bin/../lib/gcc/avr/4.3.3/avr5\libgcc.a(_copy_data.o)
                              ./MCAL/ADC/ADC_Program.o (__do_copy_data)
c:/users/mazen/desktop/iti/01- imt sdk/imt_sdk_win_64/winavr/bin/../lib/gcc/avr/4.3.3/avr5\libgcc.a(_clear_bss.o)
                              ./MCAL/Timer/Timer0/Timer0_Program.o (__do_clear_bss)
c:/users/mazen/desktop/iti/01- imt sdk/imt_sdk_win_64/winavr/bin/../lib/gcc/avr/4.3.3/avr5\libgcc.a(_fixunssfsi.o)
                              ./HAL/SevSegment/Seg_Program.o (__fixunssfsi)
c:/users/mazen/desktop/iti/01- imt sdk/imt_sdk_win_64/winavr/bin/../lib/gcc/avr/4.3.3/avr5\libgcc.a(_addsub_sf.o)
                              c:/users/mazen/desktop/iti/01- imt sdk/imt_sdk_win_64/winavr/bin/../lib/gcc/avr/4.3.3/avr5\libgcc.a(_fixunssfsi.o) (__subsf3)
c:/users/mazen/desktop/iti/01- imt sdk/imt_sdk_win_64/winavr/bin/../lib/gcc/avr/4.3.3/avr5\libgcc.a(_mul_sf.o)
                              ./HAL/SevSegment/Seg_Program.o (__mulsf3)
c:/users/mazen/desktop/iti/01- imt sdk/imt_sdk_win_64/winavr/bin/../lib/gcc/avr/4.3.3/avr5\libgcc.a(_gt_sf.o)
                              ./HAL/SevSegment/Seg_Program.o (__gtsf2)
c:/users/mazen/desktop/iti/01- imt sdk/imt_sdk_win_64/winavr/bin/../lib/gcc/avr/4.3.3/avr5\libgcc.a(_ge_sf.o)
                              c:/users/mazen/desktop/iti/01- imt sdk/imt_sdk_win_64/winavr/bin/../lib/gcc/avr/4.3.3/avr5\libgcc.a(_fixunssfsi.o) (__gesf2)
c:/users/mazen/desktop/iti/01- imt sdk/imt_sdk_win_64/winavr/bin/../lib/gcc/avr/4.3.3/avr5\libgcc.a(_lt_sf.o)
                              ./HAL/SevSegment/Seg_Program.o (__ltsf2)
c:/users/mazen/desktop/iti/01- imt sdk/imt_sdk_win_64/winavr/bin/../lib/gcc/avr/4.3.3/avr5\libgcc.a(_sf_to_si.o)
                              c:/users/mazen/desktop/iti/01- imt sdk/imt_sdk_win_64/winavr/bin/../lib/gcc/avr/4.3.3/avr5\libgcc.a(_fixunssfsi.o) (__fixsfsi)
c:/users/mazen/desktop/iti/01- imt sdk/imt_sdk_win_64/winavr/bin/../lib/gcc/avr/4.3.3/avr5\libgcc.a(_thenan_sf.o)
                              c:/users/mazen/desktop/iti/01- imt sdk/imt_sdk_win_64/winavr/bin/../lib/gcc/avr/4.3.3/avr5\libgcc.a(_addsub_sf.o) (__thenan_sf)
c:/users/mazen/desktop/iti/01- imt sdk/imt_sdk_win_64/winavr/bin/../lib/gcc/avr/4.3.3/avr5\libgcc.a(_prologue.o)
                              c:/users/mazen/desktop/iti/01- imt sdk/imt_sdk_win_64/winavr/bin/../lib/gcc/avr/4.3.3/avr5\libgcc.a(_addsub_sf.o) (__prologue_saves__)
c:/users/mazen/desktop/iti/01- imt sdk/imt_sdk_win_64/winavr/bin/../lib/gcc/avr/4.3.3/avr5\libgcc.a(_epilogue.o)
                              c:/users/mazen/desktop/iti/01- imt sdk/imt_sdk_win_64/winavr/bin/../lib/gcc/avr/4.3.3/avr5\libgcc.a(_addsub_sf.o) (__epilogue_restores__)
c:/users/mazen/desktop/iti/01- imt sdk/imt_sdk_win_64/winavr/bin/../lib/gcc/avr/4.3.3/avr5\libgcc.a(_pack_sf.o)
                              c:/users/mazen/desktop/iti/01- imt sdk/imt_sdk_win_64/winavr/bin/../lib/gcc/avr/4.3.3/avr5\libgcc.a(_addsub_sf.o) (__pack_f)
c:/users/mazen/desktop/iti/01- imt sdk/imt_sdk_win_64/winavr/bin/../lib/gcc/avr/4.3.3/avr5\libgcc.a(_unpack_sf.o)
                              c:/users/mazen/desktop/iti/01- imt sdk/imt_sdk_win_64/winavr/bin/../lib/gcc/avr/4.3.3/avr5\libgcc.a(_addsub_sf.o) (__unpack_f)
c:/users/mazen/desktop/iti/01- imt sdk/imt_sdk_win_64/winavr/bin/../lib/gcc/avr/4.3.3/avr5\libgcc.a(_fpcmp_parts_sf.o)
                              c:/users/mazen/desktop/iti/01- imt sdk/imt_sdk_win_64/winavr/bin/../lib/gcc/avr/4.3.3/avr5\libgcc.a(_gt_sf.o) (__fpcmp_parts_f)

Allocating common symbols
Common symbol       size              file

Button              0x1               ./APP/main.o

Memory Configuration

Name             Origin             Length             Attributes
text             0x00000000         0x00020000         xr
data             0x00800060         0x0000ffa0         rw !x
eeprom           0x00810000         0x00010000         rw !x
fuse             0x00820000         0x00000400         rw !x
lock             0x00830000         0x00000400         rw !x
signature        0x00840000         0x00000400         rw !x
*default*        0x00000000         0xffffffff

Linker script and memory map

LOAD c:/users/mazen/desktop/iti/01- imt sdk/imt_sdk_win_64/winavr/bin/../lib/gcc/avr/4.3.3/../../../../avr/lib/avr5/crtm32.o
LOAD ./MCAL/Timer/Timer2/Timer2_Program.o
LOAD ./MCAL/Timer/Timer1/Timer1_Program.o
LOAD ./MCAL/Timer/Timer0/Timer0_Program.o
LOAD ./MCAL/SPI/SPI_Program.o
LOAD ./MCAL/EXT_INT/INT_2/EXTINT2_Program.o
LOAD ./MCAL/EXT_INT/INT_1/EXTINT1_Program.o
LOAD ./MCAL/EXT_INT/INT_0/EXTINT0_Program.o
LOAD ./MCAL/DIO/DIO_Program.o
LOAD ./MCAL/ADC/ADC_Program.o
LOAD ./MCAL/Global_Interrupt_Enable.o
LOAD ./HAL/Switch/Switch_program.o
LOAD ./HAL/SevSegment/Seg_Program.o
LOAD ./HAL/LED_Driver/Led_Program.o
LOAD ./HAL/LCD_Driver/LCD_Program.o
LOAD ./HAL/Keypad_Driver/Keypad_Program.o
LOAD ./APP/main.o
LOAD c:/users/mazen/desktop/iti/01- imt sdk/imt_sdk_win_64/winavr/bin/../lib/gcc/avr/4.3.3/avr5\libgcc.a
LOAD c:/users/mazen/desktop/iti/01- imt sdk/imt_sdk_win_64/winavr/bin/../lib/gcc/avr/4.3.3/../../../../avr/lib/avr5\libc.a
LOAD c:/users/mazen/desktop/iti/01- imt sdk/imt_sdk_win_64/winavr/bin/../lib/gcc/avr/4.3.3/avr5\libgcc.a

.hash
 *(.hash)

.dynsym
 *(.dynsym)

.dynstr
 *(.dynstr)

.gnu.version
 *(.gnu.version)

.gnu.version_d
 *(.gnu.version_d)

.gnu.version_r
 *(.gnu.version_r)

.rel.init
 *(.rel.init)

.rela.init
 *(.rela.init)

.rel.text
 *(.rel.text)
 *(.rel.text.*)
 *(.rel.gnu.linkonce.t*)

.rela.text
 *(.rela.text)
 *(.rela.text.*)
 *(.rela.gnu.linkonce.t*)

.rel.fini
 *(.rel.fini)

.rela.fini
 *(.rela.fini)

.rel.rodata
 *(.rel.rodata)
 *(.rel.rodata.*)
 *(.rel.gnu.linkonce.r*)

.rela.rodata
 *(.rela.rodata)
 *(.rela.rodata.*)
 *(.rela.gnu.linkonce.r*)

.rel.data
 *(.rel.data)
 *(.rel.data.*)
 *(.rel.gnu.linkonce.d*)

.rela.data
 *(.rela.data)
 *(.rela.data.*)
 *(.rela.gnu.linkonce.d*)

.rel.ctors
 *(.rel.ctors)

.rela.ctors
 *(.rela.ctors)

.rel.dtors
 *(.rel.dtors)

.rela.dtors
 *(.rela.dtors)

.rel.got
 *(.rel.got)

.rela.got
 *(.rela.got)

.rel.bss
 *(.rel.bss)

.rela.bss
 *(.rela.bss)

.rel.plt
 *(.rel.plt)

.rela.plt
 *(.rela.plt)

.text           0x00000000     0x4474
 *(.vectors)
 .vectors       0x00000000       0x54 c:/users/mazen/desktop/iti/01- imt sdk/imt_sdk_win_64/winavr/bin/../lib/gcc/avr/4.3.3/../../../../avr/lib/avr5/crtm32.o
                0x00000000                __vectors
                0x00000000                __vector_default
 *(.vectors)
 *(.progmem.gcc*)
 *(.progmem*)
                0x00000054                . = ALIGN (0x2)
                0x00000054                __trampolines_start = .
 *(.trampolines)
 .trampolines   0x00000054        0x0 linker stubs
 *(.trampolines*)
                0x00000054                __trampolines_end = .
 *(.jumptables)
 *(.jumptables*)
 *(.lowtext)
 *(.lowtext*)
                0x00000054                __ctors_start = .
 *(.ctors)
                0x00000054                __ctors_end = .
                0x00000054                __dtors_start = .
 *(.dtors)
                0x00000054                __dtors_end = .
 SORT(*)(.ctors)
 SORT(*)(.dtors)
 *(.init0)
 .init0         0x00000054        0x0 c:/users/mazen/desktop/iti/01- imt sdk/imt_sdk_win_64/winavr/bin/../lib/gcc/avr/4.3.3/../../../../avr/lib/avr5/crtm32.o
                0x00000054                __init
 *(.init0)
 *(.init1)
 *(.init1)
 *(.init2)
 .init2         0x00000054        0xc c:/users/mazen/desktop/iti/01- imt sdk/imt_sdk_win_64/winavr/bin/../lib/gcc/avr/4.3.3/../../../../avr/lib/avr5/crtm32.o
 *(.init2)
 *(.init3)
 *(.init3)
 *(.init4)
 .init4         0x00000060       0x16 c:/users/mazen/desktop/iti/01- imt sdk/imt_sdk_win_64/winavr/bin/../lib/gcc/avr/4.3.3/avr5\libgcc.a(_copy_data.o)
                0x00000060                __do_copy_data
 .init4         0x00000076       0x10 c:/users/mazen/desktop/iti/01- imt sdk/imt_sdk_win_64/winavr/bin/../lib/gcc/avr/4.3.3/avr5\libgcc.a(_clear_bss.o)
                0x00000076                __do_clear_bss
 *(.init4)
 *(.init5)
 *(.init5)
 *(.init6)
 *(.init6)
 *(.init7)
 *(.init7)
 *(.init8)
 *(.init8)
 *(.init9)
 .init9         0x00000086        0x8 c:/users/mazen/desktop/iti/01- imt sdk/imt_sdk_win_64/winavr/bin/../lib/gcc/avr/4.3.3/../../../../avr/lib/avr5/crtm32.o
 *(.init9)
 *(.text)
 .text          0x0000008e        0x4 c:/users/mazen/desktop/iti/01- imt sdk/imt_sdk_win_64/winavr/bin/../lib/gcc/avr/4.3.3/../../../../avr/lib/avr5/crtm32.o
                0x0000008e                __vector_12
                0x0000008e                __bad_interrupt
                0x0000008e                __vector_6
                0x0000008e                __vector_11
                0x0000008e                __vector_13
                0x0000008e                __vector_17
                0x0000008e                __vector_19
                0x0000008e                __vector_7
                0x0000008e                __vector_5
                0x0000008e                __vector_4
                0x0000008e                __vector_9
                0x0000008e                __vector_15
                0x0000008e                __vector_8
                0x0000008e                __vector_14
                0x0000008e                __vector_18
                0x0000008e                __vector_20
 .text          0x00000092        0x0 ./MCAL/Timer/Timer2/Timer2_Program.o
 .text          0x00000092        0x0 ./MCAL/Timer/Timer1/Timer1_Program.o
 .text          0x00000092        0x0 ./MCAL/Timer/Timer0/Timer0_Program.o
 .text          0x00000092        0x0 ./MCAL/SPI/SPI_Program.o
 .text          0x00000092        0x0 ./MCAL/EXT_INT/INT_2/EXTINT2_Program.o
 .text          0x00000092        0x0 ./MCAL/EXT_INT/INT_1/EXTINT1_Program.o
 .text          0x00000092        0x0 ./MCAL/EXT_INT/INT_0/EXTINT0_Program.o
 .text          0x00000092        0x0 ./MCAL/DIO/DIO_Program.o
 .text          0x00000092        0x0 ./MCAL/ADC/ADC_Program.o
 .text          0x00000092        0x0 ./MCAL/Global_Interrupt_Enable.o
 .text          0x00000092        0x0 ./HAL/Switch/Switch_program.o
 .text          0x00000092        0x0 ./HAL/SevSegment/Seg_Program.o
 .text          0x00000092        0x0 ./HAL/LED_Driver/Led_Program.o
 .text          0x00000092        0x0 ./HAL/LCD_Driver/LCD_Program.o
 .text          0x00000092        0x0 ./HAL/Keypad_Driver/Keypad_Program.o
 .text          0x00000092        0x0 ./APP/main.o
 .text          0x00000092        0x0 c:/users/mazen/desktop/iti/01- imt sdk/imt_sdk_win_64/winavr/bin/../lib/gcc/avr/4.3.3/avr5\libgcc.a(_udivmodsi4.o)
 .text          0x00000092        0x0 c:/users/mazen/desktop/iti/01- imt sdk/imt_sdk_win_64/winavr/bin/../lib/gcc/avr/4.3.3/avr5\libgcc.a(_exit.o)
 .text          0x00000092        0x0 c:/users/mazen/desktop/iti/01- imt sdk/imt_sdk_win_64/winavr/bin/../lib/gcc/avr/4.3.3/avr5\libgcc.a(_copy_data.o)
 .text          0x00000092        0x0 c:/users/mazen/desktop/iti/01- imt sdk/imt_sdk_win_64/winavr/bin/../lib/gcc/avr/4.3.3/avr5\libgcc.a(_clear_bss.o)
 .text          0x00000092       0x58 c:/users/mazen/desktop/iti/01- imt sdk/imt_sdk_win_64/winavr/bin/../lib/gcc/avr/4.3.3/avr5\libgcc.a(_fixunssfsi.o)
                0x00000092                __fixunssfsi
 .text          0x000000ea      0x354 c:/users/mazen/desktop/iti/01- imt sdk/imt_sdk_win_64/winavr/bin/../lib/gcc/avr/4.3.3/avr5\libgcc.a(_addsub_sf.o)
                0x00000382                __subsf3
                0x000003e4                __addsf3
 .text          0x0000043e      0x1f4 c:/users/mazen/desktop/iti/01- imt sdk/imt_sdk_win_64/winavr/bin/../lib/gcc/avr/4.3.3/avr5\libgcc.a(_mul_sf.o)
                0x0000043e                __mulsf3
 .text          0x00000632       0x60 c:/users/mazen/desktop/iti/01- imt sdk/imt_sdk_win_64/winavr/bin/../lib/gcc/avr/4.3.3/avr5\libgcc.a(_gt_sf.o)
                0x00000632                __gtsf2
 .text          0x00000692       0x60 c:/users/mazen/desktop/iti/01- imt sdk/imt_sdk_win_64/winavr/bin/../lib/gcc/avr/4.3.3/avr5\libgcc.a(_ge_sf.o)
                0x00000692                __gesf2
 .text          0x000006f2       0x60 c:/users/mazen/desktop/iti/01- imt sdk/imt_sdk_win_64/winavr/bin/../lib/gcc/avr/4.3.3/avr5\libgcc.a(_lt_sf.o)
                0x000006f2                __ltsf2
 .text          0x00000752       0xa8 c:/users/mazen/desktop/iti/01- imt sdk/imt_sdk_win_64/winavr/bin/../lib/gcc/avr/4.3.3/avr5\libgcc.a(_sf_to_si.o)
                0x00000752                __fixsfsi
 .text          0x000007fa        0x0 c:/users/mazen/desktop/iti/01- imt sdk/imt_sdk_win_64/winavr/bin/../lib/gcc/avr/4.3.3/avr5\libgcc.a(_thenan_sf.o)
 .text          0x000007fa        0x0 c:/users/mazen/desktop/iti/01- imt sdk/imt_sdk_win_64/winavr/bin/../lib/gcc/avr/4.3.3/avr5\libgcc.a(_prologue.o)
 .text          0x000007fa        0x0 c:/users/mazen/desktop/iti/01- imt sdk/imt_sdk_win_64/winavr/bin/../lib/gcc/avr/4.3.3/avr5\libgcc.a(_epilogue.o)
 .text          0x000007fa      0x1aa c:/users/mazen/desktop/iti/01- imt sdk/imt_sdk_win_64/winavr/bin/../lib/gcc/avr/4.3.3/avr5\libgcc.a(_pack_sf.o)
                0x000007fa                __pack_f
 .text          0x000009a4       0xf0 c:/users/mazen/desktop/iti/01- imt sdk/imt_sdk_win_64/winavr/bin/../lib/gcc/avr/4.3.3/avr5\libgcc.a(_unpack_sf.o)
                0x000009a4                __unpack_f
 .text          0x00000a94       0xb2 c:/users/mazen/desktop/iti/01- imt sdk/imt_sdk_win_64/winavr/bin/../lib/gcc/avr/4.3.3/avr5\libgcc.a(_fpcmp_parts_sf.o)
                0x00000a94                __fpcmp_parts_f
                0x00000b46                . = ALIGN (0x2)
 *(.text.*)
 .text.T0_VoidInit
                0x00000b46       0x78 ./MCAL/Timer/Timer0/Timer0_Program.o
                0x00000b46                T0_VoidInit
 .text.Timer0_u8SetCallBack
                0x00000bbe       0x38 ./MCAL/Timer/Timer0/Timer0_Program.o
                0x00000bbe                Timer0_u8SetCallBack
 .text.__vector_10
                0x00000bf6       0x90 ./MCAL/Timer/Timer0/Timer0_Program.o
                0x00000bf6                __vector_10
 .text.SPI_voidInitSPIMaster
                0x00000c86       0x8a ./MCAL/SPI/SPI_Program.o
                0x00000c86                SPI_voidInitSPIMaster
 .text.SPI_u8SendReceive
                0x00000d10       0x36 ./MCAL/SPI/SPI_Program.o
                0x00000d10                SPI_u8SendReceive
 .text.INT2_VoidSETINT2
                0x00000d46       0x2e ./MCAL/EXT_INT/INT_2/EXTINT2_Program.o
                0x00000d46                INT2_VoidSETINT2
 .text.INT2_SetCallBack
                0x00000d74       0x3c ./MCAL/EXT_INT/INT_2/EXTINT2_Program.o
                0x00000d74                INT2_SetCallBack
 .text.__vector_3
                0x00000db0       0x66 ./MCAL/EXT_INT/INT_2/EXTINT2_Program.o
                0x00000db0                __vector_3
 .text.INT1_VoidSETINT1
                0x00000e16       0x90 ./MCAL/EXT_INT/INT_1/EXTINT1_Program.o
                0x00000e16                INT1_VoidSETINT1
 .text.INT1_SetCallBack
                0x00000ea6       0x3c ./MCAL/EXT_INT/INT_1/EXTINT1_Program.o
                0x00000ea6                INT1_SetCallBack
 .text.__vector_2
                0x00000ee2       0x66 ./MCAL/EXT_INT/INT_1/EXTINT1_Program.o
                0x00000ee2                __vector_2
 .text.INT0_VoidSETINT0
                0x00000f48       0x90 ./MCAL/EXT_INT/INT_0/EXTINT0_Program.o
                0x00000f48                INT0_VoidSETINT0
 .text.INT0_SetCallBack
                0x00000fd8       0x3c ./MCAL/EXT_INT/INT_0/EXTINT0_Program.o
                0x00000fd8                INT0_SetCallBack
 .text.__vector_1
                0x00001014       0x66 ./MCAL/EXT_INT/INT_0/EXTINT0_Program.o
                0x00001014                __vector_1
 .text.DIO_ErrStateSetPinDirection
                0x0000107a      0x22a ./MCAL/DIO/DIO_Program.o
                0x0000107a                DIO_ErrStateSetPinDirection
 .text.DIO_ErrStateSetPinValue
                0x000012a4      0x22a ./MCAL/DIO/DIO_Program.o
                0x000012a4                DIO_ErrStateSetPinValue
 .text.DIO_ErrStateReadPinValue
                0x000014ce      0x128 ./MCAL/DIO/DIO_Program.o
                0x000014ce                DIO_ErrStateReadPinValue
 .text.DIO_ErrStateSetGroupDirection
                0x000015f6       0x94 ./MCAL/DIO/DIO_Program.o
                0x000015f6                DIO_ErrStateSetGroupDirection
 .text.DIO_ErrStateSetPortValue
                0x0000168a       0x94 ./MCAL/DIO/DIO_Program.o
                0x0000168a                DIO_ErrStateSetPortValue
 .text.DIO_ErrStateReadGroupValue
                0x0000171e       0xb8 ./MCAL/DIO/DIO_Program.o
                0x0000171e                DIO_ErrStateReadGroupValue
 .text.ADC_ErrStateInit
                0x000017d6       0x64 ./MCAL/ADC/ADC_Program.o
                0x000017d6                ADC_ErrStateInit
 .text.ADC_ErrStateConversionSynch
                0x0000183a       0xfc ./MCAL/ADC/ADC_Program.o
                0x0000183a                ADC_ErrStateConversionSynch
 .text.ADC_ErrStateConversionASynch
                0x00001936       0xaa ./MCAL/ADC/ADC_Program.o
                0x00001936                ADC_ErrStateConversionASynch
 .text.__vector_16
                0x000019e0       0x84 ./MCAL/ADC/ADC_Program.o
                0x000019e0                __vector_16
 .text.EnableGlobalInterrupt
                0x00001a64       0x1c ./MCAL/Global_Interrupt_Enable.o
                0x00001a64                EnableGlobalInterrupt
 .text.SW_SwitchErrStateGetState
                0x00001a80      0x164 ./HAL/Switch/Switch_program.o
                0x00001a80                SW_SwitchErrStateGetState
 .text.SevSeg_SevErrStateSetNumber
                0x00001be4      0x160 ./HAL/SevSegment/Seg_Program.o
                0x00001be4                SevSeg_SevErrStateSetNumber
 .text.SevSeg_SevErrStateDisplayRange
                0x00001d44      0x4fc ./HAL/SevSegment/Seg_Program.o
                0x00001d44                SevSeg_SevErrStateDisplayRange
 .text.SevSeg_SevErrStateDisplayMax
                0x00002240      0x370 ./HAL/SevSegment/Seg_Program.o
                0x00002240                SevSeg_SevErrStateDisplayMax
 .text.Led_LedErrStateTurnOn
                0x000025b0       0xce ./HAL/LED_Driver/Led_Program.o
                0x000025b0                Led_LedErrStateTurnOn
 .text.Led_LedErrStateTurnOff
                0x0000267e       0xa0 ./HAL/LED_Driver/Led_Program.o
                0x0000267e                Led_LedErrStateTurnOff
 .text.LCD_VoidSendCommand
                0x0000271e      0x264 ./HAL/LCD_Driver/LCD_Program.o
                0x0000271e                LCD_VoidSendCommand
 .text.LCD_VoidSendChar
                0x00002982      0x958 ./HAL/LCD_Driver/LCD_Program.o
                0x00002982                LCD_VoidSendChar
 .text.LCD_VoidInit
                0x000032da      0x426 ./HAL/LCD_Driver/LCD_Program.o
                0x000032da                LCD_VoidInit
 .text.LCD_VoidSendString
                0x00003700       0x56 ./HAL/LCD_Driver/LCD_Program.o
                0x00003700                LCD_VoidSendString
 .text.LCD_VoidGoToXY
                0x00003756       0x48 ./HAL/LCD_Driver/LCD_Program.o
                0x00003756                LCD_VoidGoToXY
 .text.LCD_VoidSpecialCharacter
                0x0000379e       0xa0 ./HAL/LCD_Driver/LCD_Program.o
                0x0000379e                LCD_VoidSpecialCharacter
 .text.LCD_VoidSendInt
                0x0000383e      0x180 ./HAL/LCD_Driver/LCD_Program.o
                0x0000383e                LCD_VoidSendInt
 .text.KP_ErrStateInit
                0x000039be      0x122 ./HAL/Keypad_Driver/Keypad_Program.o
                0x000039be                KP_ErrStateInit
 .text.KP_ErrStateRead
                0x00003ae0      0x1e2 ./HAL/Keypad_Driver/Keypad_Program.o
                0x00003ae0                KP_ErrStateRead
 .text.main     0x00003cc2       0x46 ./APP/main.o
                0x00003cc2                main
 .text.TimerCountUpDown
                0x00003d08      0x6b6 ./APP/main.o
                0x00003d08                TimerCountUpDown
 .text.libgcc   0x000043be       0x44 c:/users/mazen/desktop/iti/01- imt sdk/imt_sdk_win_64/winavr/bin/../lib/gcc/avr/4.3.3/avr5\libgcc.a(_udivmodsi4.o)
                0x000043be                __udivmodsi4
 .text.libgcc   0x00004402        0x0 c:/users/mazen/desktop/iti/01- imt sdk/imt_sdk_win_64/winavr/bin/../lib/gcc/avr/4.3.3/avr5\libgcc.a(_exit.o)
 .text.libgcc   0x00004402        0x0 c:/users/mazen/desktop/iti/01- imt sdk/imt_sdk_win_64/winavr/bin/../lib/gcc/avr/4.3.3/avr5\libgcc.a(_copy_data.o)
 .text.libgcc   0x00004402        0x0 c:/users/mazen/desktop/iti/01- imt sdk/imt_sdk_win_64/winavr/bin/../lib/gcc/avr/4.3.3/avr5\libgcc.a(_clear_bss.o)
 .text.libgcc   0x00004402       0x38 c:/users/mazen/desktop/iti/01- imt sdk/imt_sdk_win_64/winavr/bin/../lib/gcc/avr/4.3.3/avr5\libgcc.a(_prologue.o)
                0x00004402                __prologue_saves__
 .text.libgcc   0x0000443a       0x36 c:/users/mazen/desktop/iti/01- imt sdk/imt_sdk_win_64/winavr/bin/../lib/gcc/avr/4.3.3/avr5\libgcc.a(_epilogue.o)
                0x0000443a                __epilogue_restores__
                0x00004470                . = ALIGN (0x2)
 *(.fini9)
 .fini9         0x00004470        0x0 c:/users/mazen/desktop/iti/01- imt sdk/imt_sdk_win_64/winavr/bin/../lib/gcc/avr/4.3.3/avr5\libgcc.a(_exit.o)
                0x00004470                exit
                0x00004470                _exit
 *(.fini9)
 *(.fini8)
 *(.fini8)
 *(.fini7)
 *(.fini7)
 *(.fini6)
 *(.fini6)
 *(.fini5)
 *(.fini5)
 *(.fini4)
 *(.fini4)
 *(.fini3)
 *(.fini3)
 *(.fini2)
 *(.fini2)
 *(.fini1)
 *(.fini1)
 *(.fini0)
 .fini0         0x00004470        0x4 c:/users/mazen/desktop/iti/01- imt sdk/imt_sdk_win_64/winavr/bin/../lib/gcc/avr/4.3.3/avr5\libgcc.a(_exit.o)
 *(.fini0)
                0x00004474                _etext = .

.data           0x00800060       0x42 load address 0x00004474
                0x00800060                PROVIDE (__data_start, .)
 *(.data)
 .data          0x00800060        0x0 c:/users/mazen/desktop/iti/01- imt sdk/imt_sdk_win_64/winavr/bin/../lib/gcc/avr/4.3.3/../../../../avr/lib/avr5/crtm32.o
 .data          0x00800060        0x0 ./MCAL/Timer/Timer2/Timer2_Program.o
 .data          0x00800060        0x0 ./MCAL/Timer/Timer1/Timer1_Program.o
 .data          0x00800060        0x0 ./MCAL/Timer/Timer0/Timer0_Program.o
 .data          0x00800060        0x0 ./MCAL/SPI/SPI_Program.o
 .data          0x00800060        0x0 ./MCAL/EXT_INT/INT_2/EXTINT2_Program.o
 .data          0x00800060        0x0 ./MCAL/EXT_INT/INT_1/EXTINT1_Program.o
 .data          0x00800060        0x0 ./MCAL/EXT_INT/INT_0/EXTINT0_Program.o
 .data          0x00800060        0x0 ./MCAL/DIO/DIO_Program.o
 .data          0x00800060        0x0 ./MCAL/ADC/ADC_Program.o
 .data          0x00800060        0x0 ./MCAL/Global_Interrupt_Enable.o
 .data          0x00800060        0x0 ./HAL/Switch/Switch_program.o
 .data          0x00800060        0x0 ./HAL/SevSegment/Seg_Program.o
 .data          0x00800060        0x0 ./HAL/LED_Driver/Led_Program.o
 .data          0x00800060        0x0 ./HAL/LCD_Driver/LCD_Program.o
 .data          0x00800060        0x0 ./HAL/Keypad_Driver/Keypad_Program.o
 .data          0x00800060        0x9 ./APP/main.o
 .data          0x00800069        0x0 c:/users/mazen/desktop/iti/01- imt sdk/imt_sdk_win_64/winavr/bin/../lib/gcc/avr/4.3.3/avr5\libgcc.a(_udivmodsi4.o)
 .data          0x00800069        0x0 c:/users/mazen/desktop/iti/01- imt sdk/imt_sdk_win_64/winavr/bin/../lib/gcc/avr/4.3.3/avr5\libgcc.a(_exit.o)
 .data          0x00800069        0x0 c:/users/mazen/desktop/iti/01- imt sdk/imt_sdk_win_64/winavr/bin/../lib/gcc/avr/4.3.3/avr5\libgcc.a(_copy_data.o)
 .data          0x00800069        0x0 c:/users/mazen/desktop/iti/01- imt sdk/imt_sdk_win_64/winavr/bin/../lib/gcc/avr/4.3.3/avr5\libgcc.a(_clear_bss.o)
 .data          0x00800069        0x0 c:/users/mazen/desktop/iti/01- imt sdk/imt_sdk_win_64/winavr/bin/../lib/gcc/avr/4.3.3/avr5\libgcc.a(_fixunssfsi.o)
 .data          0x00800069        0x0 c:/users/mazen/desktop/iti/01- imt sdk/imt_sdk_win_64/winavr/bin/../lib/gcc/avr/4.3.3/avr5\libgcc.a(_addsub_sf.o)
 .data          0x00800069        0x0 c:/users/mazen/desktop/iti/01- imt sdk/imt_sdk_win_64/winavr/bin/../lib/gcc/avr/4.3.3/avr5\libgcc.a(_mul_sf.o)
 .data          0x00800069        0x0 c:/users/mazen/desktop/iti/01- imt sdk/imt_sdk_win_64/winavr/bin/../lib/gcc/avr/4.3.3/avr5\libgcc.a(_gt_sf.o)
 .data          0x00800069        0x0 c:/users/mazen/desktop/iti/01- imt sdk/imt_sdk_win_64/winavr/bin/../lib/gcc/avr/4.3.3/avr5\libgcc.a(_ge_sf.o)
 .data          0x00800069        0x0 c:/users/mazen/desktop/iti/01- imt sdk/imt_sdk_win_64/winavr/bin/../lib/gcc/avr/4.3.3/avr5\libgcc.a(_lt_sf.o)
 .data          0x00800069        0x0 c:/users/mazen/desktop/iti/01- imt sdk/imt_sdk_win_64/winavr/bin/../lib/gcc/avr/4.3.3/avr5\libgcc.a(_sf_to_si.o)
 .data          0x00800069        0x8 c:/users/mazen/desktop/iti/01- imt sdk/imt_sdk_win_64/winavr/bin/../lib/gcc/avr/4.3.3/avr5\libgcc.a(_thenan_sf.o)
                0x00800069                __thenan_sf
 .data          0x00800071        0x0 c:/users/mazen/desktop/iti/01- imt sdk/imt_sdk_win_64/winavr/bin/../lib/gcc/avr/4.3.3/avr5\libgcc.a(_prologue.o)
 .data          0x00800071        0x0 c:/users/mazen/desktop/iti/01- imt sdk/imt_sdk_win_64/winavr/bin/../lib/gcc/avr/4.3.3/avr5\libgcc.a(_epilogue.o)
 .data          0x00800071        0x0 c:/users/mazen/desktop/iti/01- imt sdk/imt_sdk_win_64/winavr/bin/../lib/gcc/avr/4.3.3/avr5\libgcc.a(_pack_sf.o)
 .data          0x00800071        0x0 c:/users/mazen/desktop/iti/01- imt sdk/imt_sdk_win_64/winavr/bin/../lib/gcc/avr/4.3.3/avr5\libgcc.a(_unpack_sf.o)
 .data          0x00800071        0x0 c:/users/mazen/desktop/iti/01- imt sdk/imt_sdk_win_64/winavr/bin/../lib/gcc/avr/4.3.3/avr5\libgcc.a(_fpcmp_parts_sf.o)
 *(.data*)
 .data.ADC_State
                0x00800071        0x1 ./MCAL/ADC/ADC_Program.o
 .data.SevSegCA_Arr
                0x00800072        0xa ./HAL/SevSegment/Seg_Program.o
                0x00800072                SevSegCA_Arr
 .data.SevSegCC_Arr
                0x0080007c        0xa ./HAL/SevSegment/Seg_Program.o
                0x0080007c                SevSegCC_Arr
 .data.KP_Arr   0x00800086       0x10 ./HAL/Keypad_Driver/Keypad_Program.o
                0x00800086                KP_Arr
 .data.type     0x00800096        0x2 ./APP/main.o
                0x00800096                type
 .data.type2    0x00800098        0x2 ./APP/main.o
                0x00800098                type2
 .data.lcd      0x0080009a        0x7 ./APP/main.o
                0x0080009a                lcd
 *(.rodata)
 *(.rodata*)
 *(.gnu.linkonce.d*)
                0x008000a2                . = ALIGN (0x2)
 *fill*         0x008000a1        0x1 00
                0x008000a2                _edata = .
                0x008000a2                PROVIDE (__data_end, .)

.bss            0x008000a2       0x18
                0x008000a2                PROVIDE (__bss_start, .)
 *(.bss)
 .bss           0x008000a2        0x0 c:/users/mazen/desktop/iti/01- imt sdk/imt_sdk_win_64/winavr/bin/../lib/gcc/avr/4.3.3/../../../../avr/lib/avr5/crtm32.o
 .bss           0x008000a2        0x0 ./MCAL/Timer/Timer2/Timer2_Program.o
 .bss           0x008000a2        0x0 ./MCAL/Timer/Timer1/Timer1_Program.o
 .bss           0x008000a2        0x0 ./MCAL/Timer/Timer0/Timer0_Program.o
 .bss           0x008000a2        0x0 ./MCAL/SPI/SPI_Program.o
 .bss           0x008000a2        0x0 ./MCAL/EXT_INT/INT_2/EXTINT2_Program.o
 .bss           0x008000a2        0x0 ./MCAL/EXT_INT/INT_1/EXTINT1_Program.o
 .bss           0x008000a2        0x0 ./MCAL/EXT_INT/INT_0/EXTINT0_Program.o
 .bss           0x008000a2        0x0 ./MCAL/DIO/DIO_Program.o
 .bss           0x008000a2        0x0 ./MCAL/ADC/ADC_Program.o
 .bss           0x008000a2        0x0 ./MCAL/Global_Interrupt_Enable.o
 .bss           0x008000a2        0x0 ./HAL/Switch/Switch_program.o
 .bss           0x008000a2        0x0 ./HAL/SevSegment/Seg_Program.o
 .bss           0x008000a2        0x0 ./HAL/LED_Driver/Led_Program.o
 .bss           0x008000a2        0x0 ./HAL/LCD_Driver/LCD_Program.o
 .bss           0x008000a2        0x0 ./HAL/Keypad_Driver/Keypad_Program.o
 .bss           0x008000a2        0x0 ./APP/main.o
 .bss           0x008000a2        0x0 c:/users/mazen/desktop/iti/01- imt sdk/imt_sdk_win_64/winavr/bin/../lib/gcc/avr/4.3.3/avr5\libgcc.a(_udivmodsi4.o)
 .bss           0x008000a2        0x0 c:/users/mazen/desktop/iti/01- imt sdk/imt_sdk_win_64/winavr/bin/../lib/gcc/avr/4.3.3/avr5\libgcc.a(_exit.o)
 .bss           0x008000a2        0x0 c:/users/mazen/desktop/iti/01- imt sdk/imt_sdk_win_64/winavr/bin/../lib/gcc/avr/4.3.3/avr5\libgcc.a(_copy_data.o)
 .bss           0x008000a2        0x0 c:/users/mazen/desktop/iti/01- imt sdk/imt_sdk_win_64/winavr/bin/../lib/gcc/avr/4.3.3/avr5\libgcc.a(_clear_bss.o)
 .bss           0x008000a2        0x0 c:/users/mazen/desktop/iti/01- imt sdk/imt_sdk_win_64/winavr/bin/../lib/gcc/avr/4.3.3/avr5\libgcc.a(_fixunssfsi.o)
 .bss           0x008000a2        0x0 c:/users/mazen/desktop/iti/01- imt sdk/imt_sdk_win_64/winavr/bin/../lib/gcc/avr/4.3.3/avr5\libgcc.a(_addsub_sf.o)
 .bss           0x008000a2        0x0 c:/users/mazen/desktop/iti/01- imt sdk/imt_sdk_win_64/winavr/bin/../lib/gcc/avr/4.3.3/avr5\libgcc.a(_mul_sf.o)
 .bss           0x008000a2        0x0 c:/users/mazen/desktop/iti/01- imt sdk/imt_sdk_win_64/winavr/bin/../lib/gcc/avr/4.3.3/avr5\libgcc.a(_gt_sf.o)
 .bss           0x008000a2        0x0 c:/users/mazen/desktop/iti/01- imt sdk/imt_sdk_win_64/winavr/bin/../lib/gcc/avr/4.3.3/avr5\libgcc.a(_ge_sf.o)
 .bss           0x008000a2        0x0 c:/users/mazen/desktop/iti/01- imt sdk/imt_sdk_win_64/winavr/bin/../lib/gcc/avr/4.3.3/avr5\libgcc.a(_lt_sf.o)
 .bss           0x008000a2        0x0 c:/users/mazen/desktop/iti/01- imt sdk/imt_sdk_win_64/winavr/bin/../lib/gcc/avr/4.3.3/avr5\libgcc.a(_sf_to_si.o)
 .bss           0x008000a2        0x0 c:/users/mazen/desktop/iti/01- imt sdk/imt_sdk_win_64/winavr/bin/../lib/gcc/avr/4.3.3/avr5\libgcc.a(_thenan_sf.o)
 .bss           0x008000a2        0x0 c:/users/mazen/desktop/iti/01- imt sdk/imt_sdk_win_64/winavr/bin/../lib/gcc/avr/4.3.3/avr5\libgcc.a(_prologue.o)
 .bss           0x008000a2        0x0 c:/users/mazen/desktop/iti/01- imt sdk/imt_sdk_win_64/winavr/bin/../lib/gcc/avr/4.3.3/avr5\libgcc.a(_epilogue.o)
 .bss           0x008000a2        0x0 c:/users/mazen/desktop/iti/01- imt sdk/imt_sdk_win_64/winavr/bin/../lib/gcc/avr/4.3.3/avr5\libgcc.a(_pack_sf.o)
 .bss           0x008000a2        0x0 c:/users/mazen/desktop/iti/01- imt sdk/imt_sdk_win_64/winavr/bin/../lib/gcc/avr/4.3.3/avr5\libgcc.a(_unpack_sf.o)
 .bss           0x008000a2        0x0 c:/users/mazen/desktop/iti/01- imt sdk/imt_sdk_win_64/winavr/bin/../lib/gcc/avr/4.3.3/avr5\libgcc.a(_fpcmp_parts_sf.o)
 *(.bss*)
 .bss.T0_pvCallBackfun
                0x008000a2        0x2 ./MCAL/Timer/Timer0/Timer0_Program.o
 .bss.counter.1292
                0x008000a4        0x2 ./MCAL/Timer/Timer0/Timer0_Program.o
 .bss.INT2_CallbackAddress
                0x008000a6        0x2 ./MCAL/EXT_INT/INT_2/EXTINT2_Program.o
                0x008000a6                INT2_CallbackAddress
 .bss.INT1_CallbackAddress
                0x008000a8        0x2 ./MCAL/EXT_INT/INT_1/EXTINT1_Program.o
                0x008000a8                INT1_CallbackAddress
 .bss.INT0_CallbackAddress
                0x008000aa        0x2 ./MCAL/EXT_INT/INT_0/EXTINT0_Program.o
                0x008000aa                INT0_CallbackAddress
 .bss.ADC_pu8Readibg
                0x008000ac        0x2 ./MCAL/ADC/ADC_Program.o
 .bss.ADC_pvCallBackNotifFunc
                0x008000ae        0x2 ./MCAL/ADC/ADC_Program.o
 .bss.FirstLineCounter.1504
                0x008000b0        0x1 ./HAL/LCD_Driver/LCD_Program.o
 .bss.SecondLineCounter.1503
                0x008000b1        0x1 ./HAL/LCD_Driver/LCD_Program.o
 .bss.SwitchingCounter.1502
                0x008000b2        0x1 ./HAL/LCD_Driver/LCD_Program.o
 .bss.Hour2.1383
                0x008000b3        0x1 ./APP/main.o
 .bss.Hour1.1382
                0x008000b4        0x1 ./APP/main.o
 .bss.Min2.1381
                0x008000b5        0x1 ./APP/main.o
 .bss.Min1.1380
                0x008000b6        0x1 ./APP/main.o
 .bss.Sec2.1379
                0x008000b7        0x1 ./APP/main.o
 .bss.Sec1.1378
                0x008000b8        0x1 ./APP/main.o
 *(COMMON)
 COMMON         0x008000b9        0x1 ./APP/main.o
                0x008000b9                Button
                0x008000ba                PROVIDE (__bss_end, .)
                0x00004474                __data_load_start = LOADADDR (.data)
                0x000044b6                __data_load_end = (__data_load_start + SIZEOF (.data))

.noinit         0x008000ba        0x0
                0x008000ba                PROVIDE (__noinit_start, .)
 *(.noinit*)
                0x008000ba                PROVIDE (__noinit_end, .)
                0x008000ba                _end = .
                0x008000ba                PROVIDE (__heap_start, .)

.eeprom         0x00810000        0x0
 *(.eeprom*)
                0x00810000                __eeprom_end = .

.fuse
 *(.fuse)
 *(.lfuse)
 *(.hfuse)
 *(.efuse)

.lock
 *(.lock*)

.signature
 *(.signature*)

.stab           0x00000000     0x57d8
 *(.stab)
 .stab          0x00000000       0xe4 ./MCAL/Timer/Timer2/Timer2_Program.o
 .stab          0x000000e4       0xd8 ./MCAL/Timer/Timer1/Timer1_Program.o
                                 0xe4 (size before relaxing)
 .stab          0x000001bc      0x3e4 ./MCAL/Timer/Timer0/Timer0_Program.o
                                0x3f0 (size before relaxing)
 .stab          0x000005a0      0x30c ./MCAL/SPI/SPI_Program.o
                                0x318 (size before relaxing)
 .stab          0x000008ac      0x2d0 ./MCAL/EXT_INT/INT_2/EXTINT2_Program.o
                                0x2dc (size before relaxing)
 .stab          0x00000b7c      0x39c ./MCAL/EXT_INT/INT_1/EXTINT1_Program.o
                                0x3a8 (size before relaxing)
 .stab          0x00000f18      0x39c ./MCAL/EXT_INT/INT_0/EXTINT0_Program.o
                                0x3a8 (size before relaxing)
 .stab          0x000012b4      0x6cc ./MCAL/DIO/DIO_Program.o
                                0x6d8 (size before relaxing)
 .stab          0x00001980      0x600 ./MCAL/ADC/ADC_Program.o
                                0x60c (size before relaxing)
 .stab          0x00001f80      0x1b0 ./MCAL/Global_Interrupt_Enable.o
                                0x1bc (size before relaxing)
 .stab          0x00002130      0x42c ./HAL/Switch/Switch_program.o
                                0x438 (size before relaxing)
 .stab          0x0000255c      0xd68 ./HAL/SevSegment/Seg_Program.o
                                0xd74 (size before relaxing)
 .stab          0x000032c4      0x474 ./HAL/LED_Driver/Led_Program.o
                                0x480 (size before relaxing)
 .stab          0x00003738     0x11dc ./HAL/LCD_Driver/LCD_Program.o
                               0x1374 (size before relaxing)
 .stab          0x00004914      0x5f4 ./HAL/Keypad_Driver/Keypad_Program.o
                                0x78c (size before relaxing)
 .stab          0x00004f08      0x8d0 ./APP/main.o
                                0xa68 (size before relaxing)

.stabstr        0x00000000     0x3c9c
 *(.stabstr)
 .stabstr       0x00000000     0x3c9c ./MCAL/Timer/Timer2/Timer2_Program.o

.stab.excl
 *(.stab.excl)

.stab.exclstr
 *(.stab.exclstr)

.stab.index
 *(.stab.index)

.stab.indexstr
 *(.stab.indexstr)

.comment
 *(.comment)

.debug
 *(.debug)

.line
 *(.line)

.debug_srcinfo
 *(.debug_srcinfo)

.debug_sfnames
 *(.debug_sfnames)

.debug_aranges  0x00000000      0x140
 *(.debug_aranges)
 .debug_aranges
                0x00000000       0x20 c:/users/mazen/desktop/iti/01- imt sdk/imt_sdk_win_64/winavr/bin/../lib/gcc/avr/4.3.3/avr5\libgcc.a(_fixunssfsi.o)
 .debug_aranges
                0x00000020       0x20 c:/users/mazen/desktop/iti/01- imt sdk/imt_sdk_win_64/winavr/bin/../lib/gcc/avr/4.3.3/avr5\libgcc.a(_addsub_sf.o)
 .debug_aranges
                0x00000040       0x20 c:/users/mazen/desktop/iti/01- imt sdk/imt_sdk_win_64/winavr/bin/../lib/gcc/avr/4.3.3/avr5\libgcc.a(_mul_sf.o)
 .debug_aranges
                0x00000060       0x20 c:/users/mazen/desktop/iti/01- imt sdk/imt_sdk_win_64/winavr/bin/../lib/gcc/avr/4.3.3/avr5\libgcc.a(_gt_sf.o)
 .debug_aranges
                0x00000080       0x20 c:/users/mazen/desktop/iti/01- imt sdk/imt_sdk_win_64/winavr/bin/../lib/gcc/avr/4.3.3/avr5\libgcc.a(_ge_sf.o)
 .debug_aranges
                0x000000a0       0x20 c:/users/mazen/desktop/iti/01- imt sdk/imt_sdk_win_64/winavr/bin/../lib/gcc/avr/4.3.3/avr5\libgcc.a(_lt_sf.o)
 .debug_aranges
                0x000000c0       0x20 c:/users/mazen/desktop/iti/01- imt sdk/imt_sdk_win_64/winavr/bin/../lib/gcc/avr/4.3.3/avr5\libgcc.a(_sf_to_si.o)
 .debug_aranges
                0x000000e0       0x20 c:/users/mazen/desktop/iti/01- imt sdk/imt_sdk_win_64/winavr/bin/../lib/gcc/avr/4.3.3/avr5\libgcc.a(_pack_sf.o)
 .debug_aranges
                0x00000100       0x20 c:/users/mazen/desktop/iti/01- imt sdk/imt_sdk_win_64/winavr/bin/../lib/gcc/avr/4.3.3/avr5\libgcc.a(_unpack_sf.o)
 .debug_aranges
                0x00000120       0x20 c:/users/mazen/desktop/iti/01- imt sdk/imt_sdk_win_64/winavr/bin/../lib/gcc/avr/4.3.3/avr5\libgcc.a(_fpcmp_parts_sf.o)

.debug_pubnames
                0x00000000      0x170
 *(.debug_pubnames)
 .debug_pubnames
                0x00000000       0x23 c:/users/mazen/desktop/iti/01- imt sdk/imt_sdk_win_64/winavr/bin/../lib/gcc/avr/4.3.3/avr5\libgcc.a(_fixunssfsi.o)
 .debug_pubnames
                0x00000023       0x2c c:/users/mazen/desktop/iti/01- imt sdk/imt_sdk_win_64/winavr/bin/../lib/gcc/avr/4.3.3/avr5\libgcc.a(_addsub_sf.o)
 .debug_pubnames
                0x0000004f       0x1f c:/users/mazen/desktop/iti/01- imt sdk/imt_sdk_win_64/winavr/bin/../lib/gcc/avr/4.3.3/avr5\libgcc.a(_mul_sf.o)
 .debug_pubnames
                0x0000006e       0x1e c:/users/mazen/desktop/iti/01- imt sdk/imt_sdk_win_64/winavr/bin/../lib/gcc/avr/4.3.3/avr5\libgcc.a(_gt_sf.o)
 .debug_pubnames
                0x0000008c       0x1e c:/users/mazen/desktop/iti/01- imt sdk/imt_sdk_win_64/winavr/bin/../lib/gcc/avr/4.3.3/avr5\libgcc.a(_ge_sf.o)
 .debug_pubnames
                0x000000aa       0x1e c:/users/mazen/desktop/iti/01- imt sdk/imt_sdk_win_64/winavr/bin/../lib/gcc/avr/4.3.3/avr5\libgcc.a(_lt_sf.o)
 .debug_pubnames
                0x000000c8       0x20 c:/users/mazen/desktop/iti/01- imt sdk/imt_sdk_win_64/winavr/bin/../lib/gcc/avr/4.3.3/avr5\libgcc.a(_sf_to_si.o)
 .debug_pubnames
                0x000000e8       0x22 c:/users/mazen/desktop/iti/01- imt sdk/imt_sdk_win_64/winavr/bin/../lib/gcc/avr/4.3.3/avr5\libgcc.a(_thenan_sf.o)
 .debug_pubnames
                0x0000010a       0x1f c:/users/mazen/desktop/iti/01- imt sdk/imt_sdk_win_64/winavr/bin/../lib/gcc/avr/4.3.3/avr5\libgcc.a(_pack_sf.o)
 .debug_pubnames
                0x00000129       0x21 c:/users/mazen/desktop/iti/01- imt sdk/imt_sdk_win_64/winavr/bin/../lib/gcc/avr/4.3.3/avr5\libgcc.a(_unpack_sf.o)
 .debug_pubnames
                0x0000014a       0x26 c:/users/mazen/desktop/iti/01- imt sdk/imt_sdk_win_64/winavr/bin/../lib/gcc/avr/4.3.3/avr5\libgcc.a(_fpcmp_parts_sf.o)

.debug_info     0x00000000     0x1c49
 *(.debug_info)
 .debug_info    0x00000000       0xb1 c:/users/mazen/desktop/iti/01- imt sdk/imt_sdk_win_64/winavr/bin/../lib/gcc/avr/4.3.3/avr5\libgcc.a(_fixunssfsi.o)
 .debug_info    0x000000b1      0x47a c:/users/mazen/desktop/iti/01- imt sdk/imt_sdk_win_64/winavr/bin/../lib/gcc/avr/4.3.3/avr5\libgcc.a(_addsub_sf.o)
 .debug_info    0x0000052b      0x485 c:/users/mazen/desktop/iti/01- imt sdk/imt_sdk_win_64/winavr/bin/../lib/gcc/avr/4.3.3/avr5\libgcc.a(_mul_sf.o)
 .debug_info    0x000009b0      0x27f c:/users/mazen/desktop/iti/01- imt sdk/imt_sdk_win_64/winavr/bin/../lib/gcc/avr/4.3.3/avr5\libgcc.a(_gt_sf.o)
 .debug_info    0x00000c2f      0x27f c:/users/mazen/desktop/iti/01- imt sdk/imt_sdk_win_64/winavr/bin/../lib/gcc/avr/4.3.3/avr5\libgcc.a(_ge_sf.o)
 .debug_info    0x00000eae      0x27f c:/users/mazen/desktop/iti/01- imt sdk/imt_sdk_win_64/winavr/bin/../lib/gcc/avr/4.3.3/avr5\libgcc.a(_lt_sf.o)
 .debug_info    0x0000112d      0x2b0 c:/users/mazen/desktop/iti/01- imt sdk/imt_sdk_win_64/winavr/bin/../lib/gcc/avr/4.3.3/avr5\libgcc.a(_sf_to_si.o)
 .debug_info    0x000013dd      0x12c c:/users/mazen/desktop/iti/01- imt sdk/imt_sdk_win_64/winavr/bin/../lib/gcc/avr/4.3.3/avr5\libgcc.a(_thenan_sf.o)
 .debug_info    0x00001509      0x2df c:/users/mazen/desktop/iti/01- imt sdk/imt_sdk_win_64/winavr/bin/../lib/gcc/avr/4.3.3/avr5\libgcc.a(_pack_sf.o)
 .debug_info    0x000017e8      0x251 c:/users/mazen/desktop/iti/01- imt sdk/imt_sdk_win_64/winavr/bin/../lib/gcc/avr/4.3.3/avr5\libgcc.a(_unpack_sf.o)
 .debug_info    0x00001a39      0x210 c:/users/mazen/desktop/iti/01- imt sdk/imt_sdk_win_64/winavr/bin/../lib/gcc/avr/4.3.3/avr5\libgcc.a(_fpcmp_parts_sf.o)
 *(.gnu.linkonce.wi.*)

.debug_abbrev   0x00000000      0xeeb
 *(.debug_abbrev)
 .debug_abbrev  0x00000000       0x5d c:/users/mazen/desktop/iti/01- imt sdk/imt_sdk_win_64/winavr/bin/../lib/gcc/avr/4.3.3/avr5\libgcc.a(_fixunssfsi.o)
 .debug_abbrev  0x0000005d      0x1ea c:/users/mazen/desktop/iti/01- imt sdk/imt_sdk_win_64/winavr/bin/../lib/gcc/avr/4.3.3/avr5\libgcc.a(_addsub_sf.o)
 .debug_abbrev  0x00000247      0x21b c:/users/mazen/desktop/iti/01- imt sdk/imt_sdk_win_64/winavr/bin/../lib/gcc/avr/4.3.3/avr5\libgcc.a(_mul_sf.o)
 .debug_abbrev  0x00000462      0x15a c:/users/mazen/desktop/iti/01- imt sdk/imt_sdk_win_64/winavr/bin/../lib/gcc/avr/4.3.3/avr5\libgcc.a(_gt_sf.o)
 .debug_abbrev  0x000005bc      0x15a c:/users/mazen/desktop/iti/01- imt sdk/imt_sdk_win_64/winavr/bin/../lib/gcc/avr/4.3.3/avr5\libgcc.a(_ge_sf.o)
 .debug_abbrev  0x00000716      0x15a c:/users/mazen/desktop/iti/01- imt sdk/imt_sdk_win_64/winavr/bin/../lib/gcc/avr/4.3.3/avr5\libgcc.a(_lt_sf.o)
 .debug_abbrev  0x00000870      0x17f c:/users/mazen/desktop/iti/01- imt sdk/imt_sdk_win_64/winavr/bin/../lib/gcc/avr/4.3.3/avr5\libgcc.a(_sf_to_si.o)
 .debug_abbrev  0x000009ef       0xad c:/users/mazen/desktop/iti/01- imt sdk/imt_sdk_win_64/winavr/bin/../lib/gcc/avr/4.3.3/avr5\libgcc.a(_thenan_sf.o)
 .debug_abbrev  0x00000a9c      0x1c0 c:/users/mazen/desktop/iti/01- imt sdk/imt_sdk_win_64/winavr/bin/../lib/gcc/avr/4.3.3/avr5\libgcc.a(_pack_sf.o)
 .debug_abbrev  0x00000c5c      0x154 c:/users/mazen/desktop/iti/01- imt sdk/imt_sdk_win_64/winavr/bin/../lib/gcc/avr/4.3.3/avr5\libgcc.a(_unpack_sf.o)
 .debug_abbrev  0x00000db0      0x13b c:/users/mazen/desktop/iti/01- imt sdk/imt_sdk_win_64/winavr/bin/../lib/gcc/avr/4.3.3/avr5\libgcc.a(_fpcmp_parts_sf.o)

.debug_line     0x00000000      0xdad
 *(.debug_line)
 .debug_line    0x00000000       0xa7 c:/users/mazen/desktop/iti/01- imt sdk/imt_sdk_win_64/winavr/bin/../lib/gcc/avr/4.3.3/avr5\libgcc.a(_fixunssfsi.o)
 .debug_line    0x000000a7      0x2af c:/users/mazen/desktop/iti/01- imt sdk/imt_sdk_win_64/winavr/bin/../lib/gcc/avr/4.3.3/avr5\libgcc.a(_addsub_sf.o)
 .debug_line    0x00000356      0x239 c:/users/mazen/desktop/iti/01- imt sdk/imt_sdk_win_64/winavr/bin/../lib/gcc/avr/4.3.3/avr5\libgcc.a(_mul_sf.o)
 .debug_line    0x0000058f       0xd3 c:/users/mazen/desktop/iti/01- imt sdk/imt_sdk_win_64/winavr/bin/../lib/gcc/avr/4.3.3/avr5\libgcc.a(_gt_sf.o)
 .debug_line    0x00000662       0xd3 c:/users/mazen/desktop/iti/01- imt sdk/imt_sdk_win_64/winavr/bin/../lib/gcc/avr/4.3.3/avr5\libgcc.a(_ge_sf.o)
 .debug_line    0x00000735       0xd3 c:/users/mazen/desktop/iti/01- imt sdk/imt_sdk_win_64/winavr/bin/../lib/gcc/avr/4.3.3/avr5\libgcc.a(_lt_sf.o)
 .debug_line    0x00000808      0x109 c:/users/mazen/desktop/iti/01- imt sdk/imt_sdk_win_64/winavr/bin/../lib/gcc/avr/4.3.3/avr5\libgcc.a(_sf_to_si.o)
 .debug_line    0x00000911       0x90 c:/users/mazen/desktop/iti/01- imt sdk/imt_sdk_win_64/winavr/bin/../lib/gcc/avr/4.3.3/avr5\libgcc.a(_thenan_sf.o)
 .debug_line    0x000009a1      0x18a c:/users/mazen/desktop/iti/01- imt sdk/imt_sdk_win_64/winavr/bin/../lib/gcc/avr/4.3.3/avr5\libgcc.a(_pack_sf.o)
 .debug_line    0x00000b2b      0x14b c:/users/mazen/desktop/iti/01- imt sdk/imt_sdk_win_64/winavr/bin/../lib/gcc/avr/4.3.3/avr5\libgcc.a(_unpack_sf.o)
 .debug_line    0x00000c76      0x137 c:/users/mazen/desktop/iti/01- imt sdk/imt_sdk_win_64/winavr/bin/../lib/gcc/avr/4.3.3/avr5\libgcc.a(_fpcmp_parts_sf.o)

.debug_frame    0x00000000      0x160
 *(.debug_frame)
 .debug_frame   0x00000000       0x20 c:/users/mazen/desktop/iti/01- imt sdk/imt_sdk_win_64/winavr/bin/../lib/gcc/avr/4.3.3/avr5\libgcc.a(_fixunssfsi.o)
 .debug_frame   0x00000020       0x40 c:/users/mazen/desktop/iti/01- imt sdk/imt_sdk_win_64/winavr/bin/../lib/gcc/avr/4.3.3/avr5\libgcc.a(_addsub_sf.o)
 .debug_frame   0x00000060       0x20 c:/users/mazen/desktop/iti/01- imt sdk/imt_sdk_win_64/winavr/bin/../lib/gcc/avr/4.3.3/avr5\libgcc.a(_mul_sf.o)
 .debug_frame   0x00000080       0x20 c:/users/mazen/desktop/iti/01- imt sdk/imt_sdk_win_64/winavr/bin/../lib/gcc/avr/4.3.3/avr5\libgcc.a(_gt_sf.o)
 .debug_frame   0x000000a0       0x20 c:/users/mazen/desktop/iti/01- imt sdk/imt_sdk_win_64/winavr/bin/../lib/gcc/avr/4.3.3/avr5\libgcc.a(_ge_sf.o)
 .debug_frame   0x000000c0       0x20 c:/users/mazen/desktop/iti/01- imt sdk/imt_sdk_win_64/winavr/bin/../lib/gcc/avr/4.3.3/avr5\libgcc.a(_lt_sf.o)
 .debug_frame   0x000000e0       0x20 c:/users/mazen/desktop/iti/01- imt sdk/imt_sdk_win_64/winavr/bin/../lib/gcc/avr/4.3.3/avr5\libgcc.a(_sf_to_si.o)
 .debug_frame   0x00000100       0x20 c:/users/mazen/desktop/iti/01- imt sdk/imt_sdk_win_64/winavr/bin/../lib/gcc/avr/4.3.3/avr5\libgcc.a(_pack_sf.o)
 .debug_frame   0x00000120       0x20 c:/users/mazen/desktop/iti/01- imt sdk/imt_sdk_win_64/winavr/bin/../lib/gcc/avr/4.3.3/avr5\libgcc.a(_unpack_sf.o)
 .debug_frame   0x00000140       0x20 c:/users/mazen/desktop/iti/01- imt sdk/imt_sdk_win_64/winavr/bin/../lib/gcc/avr/4.3.3/avr5\libgcc.a(_fpcmp_parts_sf.o)

.debug_str      0x00000000      0x28d
 *(.debug_str)
 .debug_str     0x00000000       0xbf c:/users/mazen/desktop/iti/01- imt sdk/imt_sdk_win_64/winavr/bin/../lib/gcc/avr/4.3.3/avr5\libgcc.a(_fixunssfsi.o)
                                 0xfe (size before relaxing)
 .debug_str     0x000000bf      0x14d c:/users/mazen/desktop/iti/01- imt sdk/imt_sdk_win_64/winavr/bin/../lib/gcc/avr/4.3.3/avr5\libgcc.a(_addsub_sf.o)
                                0x206 (size before relaxing)
 .debug_str     0x0000020c       0x27 c:/users/mazen/desktop/iti/01- imt sdk/imt_sdk_win_64/winavr/bin/../lib/gcc/avr/4.3.3/avr5\libgcc.a(_mul_sf.o)
                                0x1bf (size before relaxing)
 .debug_str     0x00000233        0xf c:/users/mazen/desktop/iti/01- imt sdk/imt_sdk_win_64/winavr/bin/../lib/gcc/avr/4.3.3/avr5\libgcc.a(_gt_sf.o)
                                0x195 (size before relaxing)
 .debug_str     0x00000242        0x8 c:/users/mazen/desktop/iti/01- imt sdk/imt_sdk_win_64/winavr/bin/../lib/gcc/avr/4.3.3/avr5\libgcc.a(_ge_sf.o)
                                0x195 (size before relaxing)
 .debug_str     0x0000024a        0x8 c:/users/mazen/desktop/iti/01- imt sdk/imt_sdk_win_64/winavr/bin/../lib/gcc/avr/4.3.3/avr5\libgcc.a(_lt_sf.o)
                                0x195 (size before relaxing)
 .debug_str     0x00000252        0xa c:/users/mazen/desktop/iti/01- imt sdk/imt_sdk_win_64/winavr/bin/../lib/gcc/avr/4.3.3/avr5\libgcc.a(_sf_to_si.o)
                                0x19e (size before relaxing)
 .debug_str     0x00000000      0x103 c:/users/mazen/desktop/iti/01- imt sdk/imt_sdk_win_64/winavr/bin/../lib/gcc/avr/4.3.3/avr5\libgcc.a(_thenan_sf.o)
 .debug_str     0x0000025c       0x16 c:/users/mazen/desktop/iti/01- imt sdk/imt_sdk_win_64/winavr/bin/../lib/gcc/avr/4.3.3/avr5\libgcc.a(_pack_sf.o)
                                0x19d (size before relaxing)
 .debug_str     0x00000272        0xb c:/users/mazen/desktop/iti/01- imt sdk/imt_sdk_win_64/winavr/bin/../lib/gcc/avr/4.3.3/avr5\libgcc.a(_unpack_sf.o)
                                0x17f (size before relaxing)
 .debug_str     0x0000027d       0x10 c:/users/mazen/desktop/iti/01- imt sdk/imt_sdk_win_64/winavr/bin/../lib/gcc/avr/4.3.3/avr5\libgcc.a(_fpcmp_parts_sf.o)
                                0x163 (size before relaxing)

.debug_loc      0x00000000      0x7ce
 *(.debug_loc)
 .debug_loc     0x00000000       0x34 c:/users/mazen/desktop/iti/01- imt sdk/imt_sdk_win_64/winavr/bin/../lib/gcc/avr/4.3.3/avr5\libgcc.a(_fixunssfsi.o)
 .debug_loc     0x00000034      0x32a c:/users/mazen/desktop/iti/01- imt sdk/imt_sdk_win_64/winavr/bin/../lib/gcc/avr/4.3.3/avr5\libgcc.a(_addsub_sf.o)
 .debug_loc     0x0000035e      0x104 c:/users/mazen/desktop/iti/01- imt sdk/imt_sdk_win_64/winavr/bin/../lib/gcc/avr/4.3.3/avr5\libgcc.a(_mul_sf.o)
 .debug_loc     0x00000462       0x3c c:/users/mazen/desktop/iti/01- imt sdk/imt_sdk_win_64/winavr/bin/../lib/gcc/avr/4.3.3/avr5\libgcc.a(_gt_sf.o)
 .debug_loc     0x0000049e       0x3c c:/users/mazen/desktop/iti/01- imt sdk/imt_sdk_win_64/winavr/bin/../lib/gcc/avr/4.3.3/avr5\libgcc.a(_ge_sf.o)
 .debug_loc     0x000004da       0x3c c:/users/mazen/desktop/iti/01- imt sdk/imt_sdk_win_64/winavr/bin/../lib/gcc/avr/4.3.3/avr5\libgcc.a(_lt_sf.o)
 .debug_loc     0x00000516       0x7e c:/users/mazen/desktop/iti/01- imt sdk/imt_sdk_win_64/winavr/bin/../lib/gcc/avr/4.3.3/avr5\libgcc.a(_sf_to_si.o)
 .debug_loc     0x00000594      0x13e c:/users/mazen/desktop/iti/01- imt sdk/imt_sdk_win_64/winavr/bin/../lib/gcc/avr/4.3.3/avr5\libgcc.a(_pack_sf.o)
 .debug_loc     0x000006d2       0xac c:/users/mazen/desktop/iti/01- imt sdk/imt_sdk_win_64/winavr/bin/../lib/gcc/avr/4.3.3/avr5\libgcc.a(_unpack_sf.o)
 .debug_loc     0x0000077e       0x50 c:/users/mazen/desktop/iti/01- imt sdk/imt_sdk_win_64/winavr/bin/../lib/gcc/avr/4.3.3/avr5\libgcc.a(_fpcmp_parts_sf.o)

.debug_macinfo
 *(.debug_macinfo)
OUTPUT(Timer_Project.elf elf32-avr)
LOAD linker stubs

.debug_ranges   0x00000000       0x50
 .debug_ranges  0x00000000       0x50 c:/users/mazen/desktop/iti/01- imt sdk/imt_sdk_win_64/winavr/bin/../lib/gcc/avr/4.3.3/avr5\libgcc.a(_mul_sf.o)
